---------------------------------------
Begin Slurm Prolog: Sep-10-2026 16:35:47
Job ID:    13072657
User ID:   wahrens6
Account:   gts-wahrens6
Job name:  saps-competition
Partition: cpu-small
QOS:       inferno
---------------------------------------
INFO:root:Using SAPS config: {'//': 'Competition config using ASV-native include entries. Each include is one competitor environment with its own dependencies.', 'environment_type': 'virtualenv', 'install_command': ['in-dir={env_dir} python -mpip install {build_dir} --force-reinstall'], 'timeout': 60, 'resume': True, 'metrics': ['time'], 'tag': ['standard'], 'saps_dir': 'competition/run_local/task_0', 'env_dir': 'competition/run_local/task_0/env', 'results_dir': 'competition/run_local/task_0/results', 'matrix': {'env_nobuild': {'SAPS_LOG_PATH': ['/storage/scratch1/7/wahrens6/SparseArrayProgrammingSuite/competition/run_13072363/task_45/results/chunk-45/diagnostics.log'], 'REMOTE_STORAGE_BACKEND': ['s3'], 'REMOTE_STORAGE_BUCKET': ['sparse-array-programming-suite'], 'SAPS_CACHE_DIR': ['/storage/scratch1/7/wahrens6/SparseArrayProgrammingSuite/.saps/outputs/cache'], 'SAPS_MANIFEST_PATH': ['/storage/scratch1/7/wahrens6/SparseArrayProgrammingSuite/manifest.json']}}, 'exclude': [{'env_nobuild': {'SAPS_FRAMEWORK': None}}], 'include': [{'python': '3.12', 'req': {'array-api-compat': '1.15.0', 'lark': '1.3.1', 'networkx': '3.6', 'numpy': '2.3', 'scipy': '1.17.1', 'sparse': '0.17.0', 'ssgetpy': '1.0rc2'}, 'env_nobuild': {'SAPS_FRAMEWORK': 'frameworks/saps_numpy.py', 'SAPS_REPO_ROOT': '.', 'SAPS_LOG_PATH': '/storage/scratch1/7/wahrens6/SparseArrayProgrammingSuite/competition/run_13072363/task_45/results/chunk-45/diagnostics.log', 'REMOTE_STORAGE_BACKEND': 's3', 'REMOTE_STORAGE_BUCKET': 'sparse-array-programming-suite', 'SAPS_CACHE_DIR': '/storage/scratch1/7/wahrens6/SparseArrayProgrammingSuite/.saps/outputs/cache', 'SAPS_MANIFEST_PATH': '/storage/scratch1/7/wahrens6/SparseArrayProgrammingSuite/manifest.json'}}, {'python': '3.12', 'req': {'array-api-compat': '1.15.0', 'lark': '1.3.1', 'networkx': '3.6', 'numpy': '2.3', 'scipy': '1.17.1', 'sparse': '0.17.0', 'ssgetpy': '1.0rc2'}, 'env_nobuild': {'SAPS_FRAMEWORK': 'frameworks/saps_scipy.py', 'SAPS_REPO_ROOT': '.', 'SAPS_LOG_PATH': '/storage/scratch1/7/wahrens6/SparseArrayProgrammingSuite/competition/run_13072363/task_45/results/chunk-45/diagnostics.log', 'REMOTE_STORAGE_BACKEND': 's3', 'REMOTE_STORAGE_BUCKET': 'sparse-array-programming-suite', 'SAPS_CACHE_DIR': '/storage/scratch1/7/wahrens6/SparseArrayProgrammingSuite/.saps/outputs/cache', 'SAPS_MANIFEST_PATH': '/storage/scratch1/7/wahrens6/SparseArrayProgrammingSuite/manifest.json'}}, {'python': '3.12', 'req': {'array-api-compat': '1.15.0', 'lark': '1.3.1', 'networkx': '3.6', 'numpy': '2.3', 'scipy': '1.17.1', 'sparse': '0.17.0', 'ssgetpy': '1.0rc2'}, 'env_nobuild': {'SAPS_FRAMEWORK': 'frameworks/saps_sparse.py', 'SAPS_REPO_ROOT': '.', 'SAPS_LOG_PATH': '/storage/scratch1/7/wahrens6/SparseArrayProgrammingSuite/competition/run_13072363/task_45/results/chunk-45/diagnostics.log', 'REMOTE_STORAGE_BACKEND': 's3', 'REMOTE_STORAGE_BUCKET': 'sparse-array-programming-suite', 'SAPS_CACHE_DIR': '/storage/scratch1/7/wahrens6/SparseArrayProgrammingSuite/.saps/outputs/cache', 'SAPS_MANIFEST_PATH': '/storage/scratch1/7/wahrens6/SparseArrayProgrammingSuite/manifest.json'}}, {'python': '3.12', 'req': {'array-api-compat': '1.15.0', 'lark': '1.3.1', 'networkx': '3.6', 'numpy': '2.3', 'scipy': '1.17.1', 'sparse': '0.17.0', 'ssgetpy': '1.0rc2', 'torch': '2.12.1'}, 'env_nobuild': {'SAPS_FRAMEWORK': 'frameworks/saps_pytorch.py', 'SAPS_REPO_ROOT': '.', 'SAPS_LOG_PATH': '/storage/scratch1/7/wahrens6/SparseArrayProgrammingSuite/competition/run_13072363/task_45/results/chunk-45/diagnostics.log', 'REMOTE_STORAGE_BACKEND': 's3', 'REMOTE_STORAGE_BUCKET': 'sparse-array-programming-suite', 'SAPS_CACHE_DIR': '/storage/scratch1/7/wahrens6/SparseArrayProgrammingSuite/.saps/outputs/cache', 'SAPS_MANIFEST_PATH': '/storage/scratch1/7/wahrens6/SparseArrayProgrammingSuite/manifest.json'}}]}
· Using SAPS config: {'//': 'Competition config using ASV-native include entries. Each include is one competitor environment with its own dependencies.', 'environment_type': 'virtualenv', 'install_command': ['in-dir={env_dir} python -mpip install {build_dir} --force-reinstall'], 'timeout': 60, 'resume': True, 'metrics': ['time'], 'tag': ['standard'], 'saps_dir': 'competition/run_local/task_0', 'env_dir': 'competition/run_local/task_0/env', 'results_dir': 'competition/run_local/task_0/results', 'matrix': {'env_nobuild': {'SAPS_LOG_PATH': ['/storage/scratch1/7/wahrens6/SparseArrayProgrammingSuite/competition/run_13072363/task_45/results/chunk-45/diagnostics.log'], 'REMOTE_STORAGE_BACKEND': ['s3'], 'REMOTE_STORAGE_BUCKET': ['sparse-array-programming-suite'], 'SAPS_CACHE_DIR': ['/storage/scratch1/7/wahrens6/SparseArrayProgrammingSuite/.saps/outputs/cache'], 'SAPS_MANIFEST_PATH': ['/storage/scratch1/7/wahrens6/SparseArrayProgrammingSuite/manifest.json']}}, 'exclude': [{'env_nobuild': {'SAPS_FRAMEWORK': None}}], 'include': [{'python': '3.12', 'req': {'array-api-compat': '1.15.0', 'lark': '1.3.1', 'networkx': '3.6', 'numpy': '2.3', 'scipy': '1.17.1', 'sparse': '0.17.0', 'ssgetpy': '1.0rc2'}, 'env_nobuild': {'SAPS_FRAMEWORK': 'frameworks/saps_numpy.py', 'SAPS_REPO_ROOT': '.', 'SAPS_LOG_PATH': '/storage/scratch1/7/wahrens6/SparseArrayProgrammingSuite/competition/run_13072363/task_45/results/chunk-45/diagnostics.log', 'REMOTE_STORAGE_BACKEND': 's3', 'REMOTE_STORAGE_BUCKET': 'sparse-array-programming-suite', 'SAPS_CACHE_DIR': '/storage/scratch1/7/wahrens6/SparseArrayProgrammingSuite/.saps/outputs/cache', 'SAPS_MANIFEST_PATH': '/storage/scratch1/7/wahrens6/SparseArrayProgrammingSuite/manifest.json'}}, {'python': '3.12', 'req': {'array-api-compat': '1.15.0', 'lark': '1.3.1', 'networkx': '3.6', 'numpy': '2.3', 'scipy': '1.17.1', 'sparse': '0.17.0', 'ssgetpy': '1.0rc2'}, 'env_nobuild': {'SAPS_FRAMEWORK': 'frameworks/saps_scipy.py', 'SAPS_REPO_ROOT': '.', 'SAPS_LOG_PATH': '/storage/scratch1/7/wahrens6/SparseArrayProgrammingSuite/competition/run_13072363/task_45/results/chunk-45/diagnostics.log', 'REMOTE_STORAGE_BACKEND': 's3', 'REMOTE_STORAGE_BUCKET': 'sparse-array-programming-suite', 'SAPS_CACHE_DIR': '/storage/scratch1/7/wahrens6/SparseArrayProgrammingSuite/.saps/outputs/cache', 'SAPS_MANIFEST_PATH': '/storage/scratch1/7/wahrens6/SparseArrayProgrammingSuite/manifest.json'}}, {'python': '3.12', 'req': {'array-api-compat': '1.15.0', 'lark': '1.3.1', 'networkx': '3.6', 'numpy': '2.3', 'scipy': '1.17.1', 'sparse': '0.17.0', 'ssgetpy': '1.0rc2'}, 'env_nobuild': {'SAPS_FRAMEWORK': 'frameworks/saps_sparse.py', 'SAPS_REPO_ROOT': '.', 'SAPS_LOG_PATH': '/storage/scratch1/7/wahrens6/SparseArrayProgrammingSuite/competition/run_13072363/task_45/results/chunk-45/diagnostics.log', 'REMOTE_STORAGE_BACKEND': 's3', 'REMOTE_STORAGE_BUCKET': 'sparse-array-programming-suite', 'SAPS_CACHE_DIR': '/storage/scratch1/7/wahrens6/SparseArrayProgrammingSuite/.saps/outputs/cache', 'SAPS_MANIFEST_PATH': '/storage/scratch1/7/wahrens6/SparseArrayProgrammingSuite/manifest.json'}}, {'python': '3.12', 'req': {'array-api-compat': '1.15.0', 'lark': '1.3.1', 'networkx': '3.6', 'numpy': '2.3', 'scipy': '1.17.1', 'sparse': '0.17.0', 'ssgetpy': '1.0rc2', 'torch': '2.12.1'}, 'env_nobuild': {'SAPS_FRAMEWORK': 'frameworks/saps_pytorch.py', 'SAPS_REPO_ROOT': '.', 'SAPS_LOG_PATH': '/storage/scratch1/7/wahrens6/SparseArrayProgrammingSuite/competition/run_13072363/task_45/results/chunk-45/diagnostics.log', 'REMOTE_STORAGE_BACKEND': 's3', 'REMOTE_STORAGE_BUCKET': 'sparse-array-programming-suite', 'SAPS_CACHE_DIR': '/storage/scratch1/7/wahrens6/SparseArrayProgrammingSuite/.saps/outputs/cache', 'SAPS_MANIFEST_PATH': '/storage/scratch1/7/wahrens6/SparseArrayProgrammingSuite/manifest.json'}}]}INFO:root:Using SAPS outputs directory: /storage/scratch1/7/wahrens6/SparseArrayProgrammingSuite/competition/run_13072363/task_45/outputs/chunk-45

· Using SAPS outputs directory: /storage/scratch1/7/wahrens6/SparseArrayProgrammingSuite/competition/run_13072363/task_45/outputs/chunk-45INFO:root:Using SAPS dataset cache: /storage/scratch1/7/wahrens6/SparseArrayProgrammingSuite/.saps/outputs/cache

· Using SAPS dataset cache: /storage/scratch1/7/wahrens6/SparseArrayProgrammingSuite/.saps/outputs/cacheINFO:root:Using SAPS machine files directory: /storage/scratch1/7/wahrens6/SparseArrayProgrammingSuite/competition/run_13072363/task_45/machine_files/chunk-45

· Using SAPS machine files directory: /storage/scratch1/7/wahrens6/SparseArrayProgrammingSuite/competition/run_13072363/task_45/machine_files/chunk-45INFO:root:Discovering benchmarks

· Discovering benchmarksINFO:root:Creating environments
Discovered 13 benchmark entries
Using timeout: 60 seconds

· Creating environmentsERROR:root:Error running /storage/scratch1/7/wahrens6/SparseArrayProgrammingSuite/competition/run_13072363/task_45/env/chunk-45/c6e6c30cd4da42ee650d557ff6858c92/bin/python -m pip install -v --upgrade lark==1.3.1 (exit status 1)
STDOUT -------->
Using pip 25.3 from /storage/scratch1/7/wahrens6/SparseArrayProgrammingSuite/competition/run_13072363/task_45/env/chunk-45/c6e6c30cd4da42ee650d557ff6858c92/lib/python3.12/site-packages/pip (python 3.12)
Collecting lark==1.3.1
  Obtaining dependency information for lark==1.3.1 from https://files.pythonhosted.org/packages/82/3d/14ce75ef66813643812f3093ab17e46d3a206942ce7376d31ec2d36229e7/lark-1.3.1-py3-none-any.whl.metadata
  Using cached lark-1.3.1-py3-none-any.whl.metadata (1.8 kB)
Using cached lark-1.3.1-py3-none-any.whl (113 kB)
Installing collected packages: lark
STDERR -------->
ERROR: Could not install packages due to an OSError.
Traceback (most recent call last):
  File "/storage/scratch1/7/wahrens6/SparseArrayProgrammingSuite/competition/run_13072363/task_45/env/chunk-45/c6e6c30cd4da42ee650d557ff6858c92/lib/python3.12/site-packages/pip/_internal/commands/install.py", line 458, in run
    installed = install_given_reqs(
                ^^^^^^^^^^^^^^^^^^^
  File "/storage/scratch1/7/wahrens6/SparseArrayProgrammingSuite/competition/run_13072363/task_45/env/chunk-45/c6e6c30cd4da42ee650d557ff6858c92/lib/python3.12/site-packages/pip/_internal/req/__init__.py", line 84, in install_given_reqs
    requirement.install(
  File "/storage/scratch1/7/wahrens6/SparseArrayProgrammingSuite/competition/run_13072363/task_45/env/chunk-45/c6e6c30cd4da42ee650d557ff6858c92/lib/python3.12/site-packages/pip/_internal/req/req_install.py", line 781, in install
    install_wheel(
  File "/storage/scratch1/7/wahrens6/SparseArrayProgrammingSuite/competition/run_13072363/task_45/env/chunk-45/c6e6c30cd4da42ee650d557ff6858c92/lib/python3.12/site-packages/pip/_internal/operations/install/wheel.py", line 737, in install_wheel
    _install_wheel(
  File "/storage/scratch1/7/wahrens6/SparseArrayProgrammingSuite/competition/run_13072363/task_45/env/chunk-45/c6e6c30cd4da42ee650d557ff6858c92/lib/python3.12/site-packages/pip/_internal/operations/install/wheel.py", line 595, in _install_wheel
    file.save()
  File "/storage/scratch1/7/wahrens6/SparseArrayProgrammingSuite/competition/run_13072363/task_45/env/chunk-45/c6e6c30cd4da42ee650d557ff6858c92/lib/python3.12/site-packages/pip/_internal/operations/install/wheel.py", line 368, in save
    with open(self.dest_path, "wb") as dest:
         ^^^^^^^^^^^^^^^^^^^^^^^^^^
OSError: [Errno 122] Disk quota exceeded: '/storage/scratch1/7/wahrens6/SparseArrayProgrammingSuite/competition/run_13072363/task_45/env/chunk-45/c6e6c30cd4da42ee650d557ff6858c92/lib/python3.12/site-packages/lark/reconstruct.py'

[notice] A new release of pip is available: 25.3 -> 26.2.1
[notice] To update, run: pip install --upgrade pip

·· Error running /storage/scratch1/7/wahrens6/SparseArrayProgrammingSuite/competition/run_13072363/task_45/env/chunk-45/c6e6c30cd4da42ee650d557ff6858c92/bin/python -m pip install -v --upgrade lark==1.3.1 (exit status 1)
   STDOUT -------->
   Using pip 25.3 from /storage/scratch1/7/wahrens6/SparseArrayProgrammingSuite/competition/run_13072363/task_45/env/chunk-45/c6e6c30cd4da42ee650d557ff6858c92/lib/python3.12/site-packages/pip (python 3.12)
   Collecting lark==1.3.1
     Obtaining dependency information for lark==1.3.1 from https://files.pythonhosted.org/packages/82/3d/14ce75ef66813643812f3093ab17e46d3a206942ce7376d31ec2d36229e7/lark-1.3.1-py3-none-any.whl.metadata
     Using cached lark-1.3.1-py3-none-any.whl.metadata (1.8 kB)
   Using cached lark-1.3.1-py3-none-any.whl (113 kB)
   Installing collected packages: lark
   STDERR -------->
   ERROR: Could not install packages due to an OSError.
   Traceback (most recent call last):
     File "/storage/scratch1/7/wahrens6/SparseArrayProgrammingSuite/competition/run_13072363/task_45/env/chunk-45/c6e6c30cd4da42ee650d557ff6858c92/lib/python3.12/site-packages/pip/_internal/commands/install.py", line 458, in run
       installed = install_given_reqs(
                   ^^^^^^^^^^^^^^^^^^^
     File "/storage/scratch1/7/wahrens6/SparseArrayProgrammingSuite/competition/run_13072363/task_45/env/chunk-45/c6e6c30cd4da42ee650d557ff6858c92/lib/python3.12/site-packages/pip/_internal/req/__init__.py", line 84, in install_given_reqs
       requirement.install(
     File "/storage/scratch1/7/wahrens6/SparseArrayProgrammingSuite/competition/run_13072363/task_45/env/chunk-45/c6e6c30cd4da42ee650d557ff6858c92/lib/python3.12/site-packages/pip/_internal/req/req_install.py", line 781, in install
       install_wheel(
     File "/storage/scratch1/7/wahrens6/SparseArrayProgrammingSuite/competition/run_13072363/task_45/env/chunk-45/c6e6c30cd4da42ee650d557ff6858c92/lib/python3.12/site-packages/pip/_internal/operations/install/wheel.py", line 737, in install_wheel
       _install_wheel(
     File "/storage/scratch1/7/wahrens6/SparseArrayProgrammingSuite/competition/run_13072363/task_45/env/chunk-45/c6e6c30cd4da42ee650d557ff6858c92/lib/python3.12/site-packages/pip/_internal/operations/install/wheel.py", line 595, in _install_wheel
       file.save()
     File "/storage/scratch1/7/wahrens6/SparseArrayProgrammingSuite/competition/run_13072363/task_45/env/chunk-45/c6e6c30cd4da42ee650d557ff6858c92/lib/python3.12/site-packages/pip/_internal/operations/install/wheel.py", line 368, in save
       with open(self.dest_path, "wb") as dest:
            ^^^^^^^^^^^^^^^^^^^^^^^^^^
   OSError: [Errno 122] Disk quota exceeded: '/storage/scratch1/7/wahrens6/SparseArrayProgrammingSuite/competition/run_13072363/task_45/env/chunk-45/c6e6c30cd4da42ee650d557ff6858c92/lib/python3.12/site-packages/lark/reconstruct.py'
   
   [notice] A new release of pip is available: 25.3 -> 26.2.1
   [notice] To update, run: pip install --upgrade pip
ERROR:root:Failure creating environment for virtualenv-py3.12-array-api-compat1.15.0-lark1.3.1-networkx3.6-numpy2.3-scipy1.17.1-sparse0.17.0-ssgetpy1.0rc2-REMOTE_STORAGE_BACKENDs3-REMOTE_STORAGE_BUCKETsparse-array-programming-suite-SAPS_CACHE_DIR_storage_scratch1_7_wahrens6_SparseArrayProgrammingSuite_.saps_outputs_cache-SAPS_FRAMEWORK_storage_scratch1_7_wahrens6_SparseArrayProgrammingSuite_frameworks_saps_numpy.py-SAPS_LOG_PATH_storage_scratch1_7_wahrens6_SparseArrayProgrammingSuite_competition_run_13072363_task_45_results_chunk-45_diagnostics.log-SAPS_MANIFEST_PATH_storage_scratch1_7_wahrens6_SparseArrayProgrammingSuite_manifest.json-SAPS_REPO_ROOT_storage_scratch1_7_wahrens6_SparseArrayProgrammingSuite

·· Failure creating environment for virtualenv-py3.12-array-api-compat1.15.0-lark1.3.1-networkx3.6-numpy2.3-scipy1.17.1-sparse0.17.0-ssgetpy1.0rc2-REMOTE_STORAGE_BACKENDs3-REMOTE_STORAGE_BUCKETsparse-array-programming-suite-SAPS_CACHE_DIR_storage_scratch1_7_wahrens6_SparseArrayProgrammingSuite_.saps_outputs_cache-SAPS_FRAMEWORK_storage_scratch1_7_wahrens6_SparseArrayProgrammingSuite_frameworks_saps_numpy.py-SAPS_LOG_PATH_storage_scratch1_7_wahrens6_SparseArrayProgrammingSuite_competition_run_13072363_task_45_results_chunk-45_diagnostics.log-SAPS_MANIFEST_PATH_storage_scratch1_7_wahrens6_SparseArrayProgrammingSuite_manifest.json-SAPS_REPO_ROOT_storage_scratch1_7_wahrens6_SparseArrayProgrammingSuiteTraceback (most recent call last):
  File "/storage/scratch1/7/wahrens6/SparseArrayProgrammingSuite/./bin/run_benchmark.py", line 849, in <module>
    raise SystemExit(main())
                     ^^^^^^
  File "/storage/scratch1/7/wahrens6/SparseArrayProgrammingSuite/./bin/run_benchmark.py", line 831, in main
    failed = _run_asv_benchmarks(
             ^^^^^^^^^^^^^^^^^^^^
  File "/storage/scratch1/7/wahrens6/SparseArrayProgrammingSuite/./bin/run_benchmark.py", line 99, in _run_asv_benchmarks
    Setup.perform_setup([env], parallel=1)
  File "/storage/home/hcoda1/7/wahrens6/.cache/pypoetry/virtualenvs/saps-RkeCTkZF-py3.12/lib/python3.12/site-packages/asv/commands/setup.py", line 83, in perform_setup
    list(map(_create, environments))
  File "/storage/home/hcoda1/7/wahrens6/.cache/pypoetry/virtualenvs/saps-RkeCTkZF-py3.12/lib/python3.12/site-packages/asv/commands/setup.py", line 14, in _create
    env.create()
  File "/storage/home/hcoda1/7/wahrens6/.cache/pypoetry/virtualenvs/saps-RkeCTkZF-py3.12/lib/python3.12/site-packages/asv/environment.py", line 755, in create
    self._setup()
  File "/storage/home/hcoda1/7/wahrens6/.cache/pypoetry/virtualenvs/saps-RkeCTkZF-py3.12/lib/python3.12/site-packages/asv/plugins/virtualenv.py", line 152, in _setup
    self._install_requirements()
  File "/storage/home/hcoda1/7/wahrens6/.cache/pypoetry/virtualenvs/saps-RkeCTkZF-py3.12/lib/python3.12/site-packages/asv/plugins/virtualenv.py", line 172, in _install_requirements
    pip_call()
  File "/storage/home/hcoda1/7/wahrens6/.cache/pypoetry/virtualenvs/saps-RkeCTkZF-py3.12/lib/python3.12/site-packages/asv/plugins/virtualenv.py", line 177, in _run_pip
    return self.run_executable('python', ['-m', 'pip'] + list(args), **kwargs)
           ^^^^^^^^^^^^^^^^^^^^^^^^^^^^^^^^^^^^^^^^^^^^^^^^^^^^^^^^^^^^^^^^^^^
  File "/storage/home/hcoda1/7/wahrens6/.cache/pypoetry/virtualenvs/saps-RkeCTkZF-py3.12/lib/python3.12/site-packages/asv/environment.py", line 1013, in run_executable
    return util.check_output([exe] + args, **kwargs)
           ^^^^^^^^^^^^^^^^^^^^^^^^^^^^^^^^^^^^^^^^^
  File "/storage/home/hcoda1/7/wahrens6/.cache/pypoetry/virtualenvs/saps-RkeCTkZF-py3.12/lib/python3.12/site-packages/asv/util.py", line 642, in check_output
    raise ProcessError(args, retcode, stdout, stderr)
asv.util.ProcessError: Command '/storage/scratch1/7/wahrens6/SparseArrayProgrammingSuite/competition/run_13072363/task_45/env/chunk-45/c6e6c30cd4da42ee650d557ff6858c92/bin/python -m pip install -v --upgrade lark==1.3.1' returned non-zero exit status 1
combined 0 result files into /storage/scratch1/7/wahrens6/SparseArrayProgrammingSuite/competition/run_13072363/results.json
---------------------------------------
Begin Slurm Epilog: Sep-10-2026 16:36:10
Job ID:        13072657
Array Job ID:  13072363_45
User ID:       wahrens6
Account:       gts-wahrens6
Job name:      saps-competition
Resources:     cpu=24,mem=128G,node=1
Rsrc Used:     cput=00:09:36,vmem=0,walltime=00:00:24,mem=453996K,energy_used=0
Partition:     cpu-small
QOS:           inferno
Nodes:         atl1-1-02-002-22-1
---------------------------------------
