---------------------------------------
Begin Slurm Prolog: Sep-10-2026 16:34:24
Job ID:    13072627
User ID:   wahrens6
Account:   gts-wahrens6
Job name:  saps-competition
Partition: cpu-small
QOS:       inferno
---------------------------------------
INFO:root:Using SAPS config: {'//': 'Competition config using ASV-native include entries. Each include is one competitor environment with its own dependencies.', 'environment_type': 'virtualenv', 'install_command': ['in-dir={env_dir} python -mpip install {build_dir} --force-reinstall'], 'timeout': 60, 'resume': True, 'metrics': ['time'], 'tag': ['standard'], 'saps_dir': 'competition/run_local/task_0', 'env_dir': 'competition/run_local/task_0/env', 'results_dir': 'competition/run_local/task_0/results', 'matrix': {'env_nobuild': {'SAPS_LOG_PATH': ['/storage/scratch1/7/wahrens6/SparseArrayProgrammingSuite/competition/run_13072363/task_42/results/chunk-42/diagnostics.log'], 'REMOTE_STORAGE_BACKEND': ['s3'], 'REMOTE_STORAGE_BUCKET': ['sparse-array-programming-suite'], 'SAPS_CACHE_DIR': ['/storage/scratch1/7/wahrens6/SparseArrayProgrammingSuite/.saps/outputs/cache'], 'SAPS_MANIFEST_PATH': ['/storage/scratch1/7/wahrens6/SparseArrayProgrammingSuite/manifest.json']}}, 'exclude': [{'env_nobuild': {'SAPS_FRAMEWORK': None}}], 'include': [{'python': '3.12', 'req': {'array-api-compat': '1.15.0', 'lark': '1.3.1', 'networkx': '3.6', 'numpy': '2.3', 'scipy': '1.17.1', 'sparse': '0.17.0', 'ssgetpy': '1.0rc2'}, 'env_nobuild': {'SAPS_FRAMEWORK': 'frameworks/saps_numpy.py', 'SAPS_REPO_ROOT': '.', 'SAPS_LOG_PATH': '/storage/scratch1/7/wahrens6/SparseArrayProgrammingSuite/competition/run_13072363/task_42/results/chunk-42/diagnostics.log', 'REMOTE_STORAGE_BACKEND': 's3', 'REMOTE_STORAGE_BUCKET': 'sparse-array-programming-suite', 'SAPS_CACHE_DIR': '/storage/scratch1/7/wahrens6/SparseArrayProgrammingSuite/.saps/outputs/cache', 'SAPS_MANIFEST_PATH': '/storage/scratch1/7/wahrens6/SparseArrayProgrammingSuite/manifest.json'}}, {'python': '3.12', 'req': {'array-api-compat': '1.15.0', 'lark': '1.3.1', 'networkx': '3.6', 'numpy': '2.3', 'scipy': '1.17.1', 'sparse': '0.17.0', 'ssgetpy': '1.0rc2'}, 'env_nobuild': {'SAPS_FRAMEWORK': 'frameworks/saps_scipy.py', 'SAPS_REPO_ROOT': '.', 'SAPS_LOG_PATH': '/storage/scratch1/7/wahrens6/SparseArrayProgrammingSuite/competition/run_13072363/task_42/results/chunk-42/diagnostics.log', 'REMOTE_STORAGE_BACKEND': 's3', 'REMOTE_STORAGE_BUCKET': 'sparse-array-programming-suite', 'SAPS_CACHE_DIR': '/storage/scratch1/7/wahrens6/SparseArrayProgrammingSuite/.saps/outputs/cache', 'SAPS_MANIFEST_PATH': '/storage/scratch1/7/wahrens6/SparseArrayProgrammingSuite/manifest.json'}}, {'python': '3.12', 'req': {'array-api-compat': '1.15.0', 'lark': '1.3.1', 'networkx': '3.6', 'numpy': '2.3', 'scipy': '1.17.1', 'sparse': '0.17.0', 'ssgetpy': '1.0rc2'}, 'env_nobuild': {'SAPS_FRAMEWORK': 'frameworks/saps_sparse.py', 'SAPS_REPO_ROOT': '.', 'SAPS_LOG_PATH': '/storage/scratch1/7/wahrens6/SparseArrayProgrammingSuite/competition/run_13072363/task_42/results/chunk-42/diagnostics.log', 'REMOTE_STORAGE_BACKEND': 's3', 'REMOTE_STORAGE_BUCKET': 'sparse-array-programming-suite', 'SAPS_CACHE_DIR': '/storage/scratch1/7/wahrens6/SparseArrayProgrammingSuite/.saps/outputs/cache', 'SAPS_MANIFEST_PATH': '/storage/scratch1/7/wahrens6/SparseArrayProgrammingSuite/manifest.json'}}, {'python': '3.12', 'req': {'array-api-compat': '1.15.0', 'lark': '1.3.1', 'networkx': '3.6', 'numpy': '2.3', 'scipy': '1.17.1', 'sparse': '0.17.0', 'ssgetpy': '1.0rc2', 'torch': '2.12.1'}, 'env_nobuild': {'SAPS_FRAMEWORK': 'frameworks/saps_pytorch.py', 'SAPS_REPO_ROOT': '.', 'SAPS_LOG_PATH': '/storage/scratch1/7/wahrens6/SparseArrayProgrammingSuite/competition/run_13072363/task_42/results/chunk-42/diagnostics.log', 'REMOTE_STORAGE_BACKEND': 's3', 'REMOTE_STORAGE_BUCKET': 'sparse-array-programming-suite', 'SAPS_CACHE_DIR': '/storage/scratch1/7/wahrens6/SparseArrayProgrammingSuite/.saps/outputs/cache', 'SAPS_MANIFEST_PATH': '/storage/scratch1/7/wahrens6/SparseArrayProgrammingSuite/manifest.json'}}]}
· Using SAPS config: {'//': 'Competition config using ASV-native include entries. Each include is one competitor environment with its own dependencies.', 'environment_type': 'virtualenv', 'install_command': ['in-dir={env_dir} python -mpip install {build_dir} --force-reinstall'], 'timeout': 60, 'resume': True, 'metrics': ['time'], 'tag': ['standard'], 'saps_dir': 'competition/run_local/task_0', 'env_dir': 'competition/run_local/task_0/env', 'results_dir': 'competition/run_local/task_0/results', 'matrix': {'env_nobuild': {'SAPS_LOG_PATH': ['/storage/scratch1/7/wahrens6/SparseArrayProgrammingSuite/competition/run_13072363/task_42/results/chunk-42/diagnostics.log'], 'REMOTE_STORAGE_BACKEND': ['s3'], 'REMOTE_STORAGE_BUCKET': ['sparse-array-programming-suite'], 'SAPS_CACHE_DIR': ['/storage/scratch1/7/wahrens6/SparseArrayProgrammingSuite/.saps/outputs/cache'], 'SAPS_MANIFEST_PATH': ['/storage/scratch1/7/wahrens6/SparseArrayProgrammingSuite/manifest.json']}}, 'exclude': [{'env_nobuild': {'SAPS_FRAMEWORK': None}}], 'include': [{'python': '3.12', 'req': {'array-api-compat': '1.15.0', 'lark': '1.3.1', 'networkx': '3.6', 'numpy': '2.3', 'scipy': '1.17.1', 'sparse': '0.17.0', 'ssgetpy': '1.0rc2'}, 'env_nobuild': {'SAPS_FRAMEWORK': 'frameworks/saps_numpy.py', 'SAPS_REPO_ROOT': '.', 'SAPS_LOG_PATH': '/storage/scratch1/7/wahrens6/SparseArrayProgrammingSuite/competition/run_13072363/task_42/results/chunk-42/diagnostics.log', 'REMOTE_STORAGE_BACKEND': 's3', 'REMOTE_STORAGE_BUCKET': 'sparse-array-programming-suite', 'SAPS_CACHE_DIR': '/storage/scratch1/7/wahrens6/SparseArrayProgrammingSuite/.saps/outputs/cache', 'SAPS_MANIFEST_PATH': '/storage/scratch1/7/wahrens6/SparseArrayProgrammingSuite/manifest.json'}}, {'python': '3.12', 'req': {'array-api-compat': '1.15.0', 'lark': '1.3.1', 'networkx': '3.6', 'numpy': '2.3', 'scipy': '1.17.1', 'sparse': '0.17.0', 'ssgetpy': '1.0rc2'}, 'env_nobuild': {'SAPS_FRAMEWORK': 'frameworks/saps_scipy.py', 'SAPS_REPO_ROOT': '.', 'SAPS_LOG_PATH': '/storage/scratch1/7/wahrens6/SparseArrayProgrammingSuite/competition/run_13072363/task_42/results/chunk-42/diagnostics.log', 'REMOTE_STORAGE_BACKEND': 's3', 'REMOTE_STORAGE_BUCKET': 'sparse-array-programming-suite', 'SAPS_CACHE_DIR': '/storage/scratch1/7/wahrens6/SparseArrayProgrammingSuite/.saps/outputs/cache', 'SAPS_MANIFEST_PATH': '/storage/scratch1/7/wahrens6/SparseArrayProgrammingSuite/manifest.json'}}, {'python': '3.12', 'req': {'array-api-compat': '1.15.0', 'lark': '1.3.1', 'networkx': '3.6', 'numpy': '2.3', 'scipy': '1.17.1', 'sparse': '0.17.0', 'ssgetpy': '1.0rc2'}, 'env_nobuild': {'SAPS_FRAMEWORK': 'frameworks/saps_sparse.py', 'SAPS_REPO_ROOT': '.', 'SAPS_LOG_PATH': '/storage/scratch1/7/wahrens6/SparseArrayProgrammingSuite/competition/run_13072363/task_42/results/chunk-42/diagnostics.log', 'REMOTE_STORAGE_BACKEND': 's3', 'REMOTE_STORAGE_BUCKET': 'sparse-array-programming-suite', 'SAPS_CACHE_DIR': '/storage/scratch1/7/wahrens6/SparseArrayProgrammingSuite/.saps/outputs/cache', 'SAPS_MANIFEST_PATH': '/storage/scratch1/7/wahrens6/SparseArrayProgrammingSuite/manifest.json'}}, {'python': '3.12', 'req': {'array-api-compat': '1.15.0', 'lark': '1.3.1', 'networkx': '3.6', 'numpy': '2.3', 'scipy': '1.17.1', 'sparse': '0.17.0', 'ssgetpy': '1.0rc2', 'torch': '2.12.1'}, 'env_nobuild': {'SAPS_FRAMEWORK': 'frameworks/saps_pytorch.py', 'SAPS_REPO_ROOT': '.', 'SAPS_LOG_PATH': '/storage/scratch1/7/wahrens6/SparseArrayProgrammingSuite/competition/run_13072363/task_42/results/chunk-42/diagnostics.log', 'REMOTE_STORAGE_BACKEND': 's3', 'REMOTE_STORAGE_BUCKET': 'sparse-array-programming-suite', 'SAPS_CACHE_DIR': '/storage/scratch1/7/wahrens6/SparseArrayProgrammingSuite/.saps/outputs/cache', 'SAPS_MANIFEST_PATH': '/storage/scratch1/7/wahrens6/SparseArrayProgrammingSuite/manifest.json'}}]}INFO:root:Using SAPS outputs directory: /storage/scratch1/7/wahrens6/SparseArrayProgrammingSuite/competition/run_13072363/task_42/outputs/chunk-42

· Using SAPS outputs directory: /storage/scratch1/7/wahrens6/SparseArrayProgrammingSuite/competition/run_13072363/task_42/outputs/chunk-42INFO:root:Using SAPS dataset cache: /storage/scratch1/7/wahrens6/SparseArrayProgrammingSuite/.saps/outputs/cache

· Using SAPS dataset cache: /storage/scratch1/7/wahrens6/SparseArrayProgrammingSuite/.saps/outputs/cacheINFO:root:Using SAPS machine files directory: /storage/scratch1/7/wahrens6/SparseArrayProgrammingSuite/competition/run_13072363/task_42/machine_files/chunk-42

· Using SAPS machine files directory: /storage/scratch1/7/wahrens6/SparseArrayProgrammingSuite/competition/run_13072363/task_42/machine_files/chunk-42INFO:root:Discovering benchmarks

· Discovering benchmarksINFO:root:Creating environments
Discovered 12 benchmark entries
Using timeout: 60 seconds

· Creating environmentsINFO:root:Uninstalling from virtualenv-py3.12-array-api-compat1.15.0-lark1.3.1-networkx3.6-numpy2.3-scipy1.17.1-sparse0.17.0-ssgetpy1.0rc2-REMOTE_STORAGE_BACKENDs3-REMOTE_STORAGE_BUCKETsparse-array-programming-suite-SAPS_CACHE_DIR_storage_scratch1_7_wahrens6_SparseArrayProgrammingSuite_.saps_outputs_cache-SAPS_FRAMEWORK_storage_scratch1_7_wahrens6_SparseArrayProgrammingSuite_frameworks_saps_numpy.py-SAPS_LOG_PATH_storage_scratch1_7_wahrens6_SparseArrayProgrammingSuite_competition_run_13072363_task_42_results_chunk-42_diagnostics.log-SAPS_MANIFEST_PATH_storage_scratch1_7_wahrens6_SparseArrayProgrammingSuite_manifest.json-SAPS_REPO_ROOT_storage_scratch1_7_wahrens6_SparseArrayProgrammingSuite

· Uninstalling from virtualenv-py3.12-array-api-compat1.15.0-lark1.3.1-networkx3.6-numpy2.3-scipy1.17.1-sparse0.17.0-ssgetpy1.0rc2-REMOTE_STORAGE_BACKENDs3-REMOTE_STORAGE_BUCKETsparse-array-programming-suite-SAPS_CACHE_DIR_storage_scratch1_7_wahrens6_SparseArrayProgrammingSuite_.saps_outputs_cache-SAPS_FRAMEWORK_storage_scratch1_7_wahrens6_SparseArrayProgrammingSuite_frameworks_saps_numpy.py-SAPS_LOG_PATH_storage_scratch1_7_wahrens6_SparseArrayProgrammingSuite_competition_run_13072363_task_42_results_chunk-42_diagnostics.log-SAPS_MANIFEST_PATH_storage_scratch1_7_wahrens6_SparseArrayProgrammingSuite_manifest.json-SAPS_REPO_ROOT_storage_scratch1_7_wahrens6_SparseArrayProgrammingSuiteINFO:root:Building e00ec0f4 <wma/fix-runner> for virtualenv-py3.12-array-api-compat1.15.0-lark1.3.1-networkx3.6-numpy2.3-scipy1.17.1-sparse0.17.0-ssgetpy1.0rc2-REMOTE_STORAGE_BACKENDs3-REMOTE_STORAGE_BUCKETsparse-array-programming-suite-SAPS_CACHE_DIR_storage_scratch1_7_wahrens6_SparseArrayProgrammingSuite_.saps_outputs_cache-SAPS_FRAMEWORK_storage_scratch1_7_wahrens6_SparseArrayProgrammingSuite_frameworks_saps_numpy.py-SAPS_LOG_PATH_storage_scratch1_7_wahrens6_SparseArrayProgrammingSuite_competition_run_13072363_task_42_results_chunk-42_diagnostics.log-SAPS_MANIFEST_PATH_storage_scratch1_7_wahrens6_SparseArrayProgrammingSuite_manifest.json-SAPS_REPO_ROOT_storage_scratch1_7_wahrens6_SparseArrayProgrammingSuite

· Building e00ec0f4 <wma/fix-runner> for virtualenv-py3.12-array-api-compat1.15.0-lark1.3.1-networkx3.6-numpy2.3-scipy1.17.1-sparse0.17.0-ssgetpy1.0rc2-REMOTE_STORAGE_BACKENDs3-REMOTE_STORAGE_BUCKETsparse-array-programming-suite-SAPS_CACHE_DIR_storage_scratch1_7_wahrens6_SparseArrayProgrammingSuite_.saps_outputs_cache-SAPS_FRAMEWORK_storage_scratch1_7_wahrens6_SparseArrayProgrammingSuite_frameworks_saps_numpy.py-SAPS_LOG_PATH_storage_scratch1_7_wahrens6_SparseArrayProgrammingSuite_competition_run_13072363_task_42_results_chunk-42_diagnostics.log-SAPS_MANIFEST_PATH_storage_scratch1_7_wahrens6_SparseArrayProgrammingSuite_manifest.json-SAPS_REPO_ROOT_storage_scratch1_7_wahrens6_SparseArrayProgrammingSuiteERROR:root:Error running /storage/scratch1/7/wahrens6/SparseArrayProgrammingSuite/competition/run_13072363/task_42/env/chunk-42/c6e6c30cd4da42ee650d557ff6858c92/bin/python -m build (exit status 1)
STDOUT -------->

STDERR -------->
* Creating isolated environment: venv+pip...
* Installing packages in isolated environment:
  - poetry-core>=1.0.8
* Getting build dependencies for sdist...
* Installed build dependency versions:
  - poetry-core==2.4.1
* Building sdist...
* Building wheel from sdist
* Creating isolated environment: venv+pip...
* Installing packages in isolated environment:
  - poetry-core>=1.0.8
* Getting build dependencies for wheel...
* Installed build dependency versions:
  - poetry-core==2.4.1
* Building wheel...
Traceback (most recent call last):
  File "/storage/pace-apps/spack/packages/linux-rhel9-x86_64_v3/gcc-11.3.1/python-3.12.5-5sase6atfv2x5tf7dy5x5sqfzyguhsia/lib/python3.12/shutil.py", line 847, in move
    os.rename(src, real_dst)
OSError: [Errno 18] Invalid cross-device link: '/tmp/tmpg_u_7_tm.whl' -> '/storage/scratch1/7/wahrens6/SparseArrayProgrammingSuite/competition/run_13072363/task_42/env/chunk-42/c6e6c30cd4da42ee650d557ff6858c92/project/dist/saps-0.1.0-py3-none-any.whl'

During handling of the above exception, another exception occurred:

Traceback (most recent call last):
  File "/storage/scratch1/7/wahrens6/SparseArrayProgrammingSuite/competition/run_13072363/task_42/env/chunk-42/c6e6c30cd4da42ee650d557ff6858c92/lib/python3.12/site-packages/pyproject_hooks/_in_process/_in_process.py", line 389, in <module>
    main()
  File "/storage/scratch1/7/wahrens6/SparseArrayProgrammingSuite/competition/run_13072363/task_42/env/chunk-42/c6e6c30cd4da42ee650d557ff6858c92/lib/python3.12/site-packages/pyproject_hooks/_in_process/_in_process.py", line 373, in main
    json_out["return_val"] = hook(**hook_input["kwargs"])
                             ^^^^^^^^^^^^^^^^^^^^^^^^^^^^
  File "/storage/scratch1/7/wahrens6/SparseArrayProgrammingSuite/competition/run_13072363/task_42/env/chunk-42/c6e6c30cd4da42ee650d557ff6858c92/lib/python3.12/site-packages/pyproject_hooks/_in_process/_in_process.py", line 280, in build_wheel
    return _build_backend().build_wheel(
           ^^^^^^^^^^^^^^^^^^^^^^^^^^^^^
  File "/tmp/build-env-o98jmral/lib/python3.12/site-packages/poetry/core/masonry/api.py", line 58, in build_wheel
    return WheelBuilder.make_in(
           ^^^^^^^^^^^^^^^^^^^^^
  File "/tmp/build-env-o98jmral/lib/python3.12/site-packages/poetry/core/masonry/builders/wheel.py", line 95, in make_in
    wb.build(target_dir=directory)
  File "/tmp/build-env-o98jmral/lib/python3.12/site-packages/poetry/core/masonry/builders/wheel.py", line 151, in build
    shutil.move(str(temp_path), str(wheel_path))
  File "/storage/pace-apps/spack/packages/linux-rhel9-x86_64_v3/gcc-11.3.1/python-3.12.5-5sase6atfv2x5tf7dy5x5sqfzyguhsia/lib/python3.12/shutil.py", line 867, in move
    copy_function(src, real_dst)
  File "/storage/pace-apps/spack/packages/linux-rhel9-x86_64_v3/gcc-11.3.1/python-3.12.5-5sase6atfv2x5tf7dy5x5sqfzyguhsia/lib/python3.12/shutil.py", line 475, in copy2
    copyfile(src, dst, follow_symlinks=follow_symlinks)
  File "/storage/pace-apps/spack/packages/linux-rhel9-x86_64_v3/gcc-11.3.1/python-3.12.5-5sase6atfv2x5tf7dy5x5sqfzyguhsia/lib/python3.12/shutil.py", line 262, in copyfile
    with open(dst, 'wb') as fdst:
         ^^^^^^^^^^^^^^^
OSError: [Errno 122] Disk quota exceeded: '/storage/scratch1/7/wahrens6/SparseArrayProgrammingSuite/competition/run_13072363/task_42/env/chunk-42/c6e6c30cd4da42ee650d557ff6858c92/project/dist/saps-0.1.0-py3-none-any.whl'
TIP pass --env-dir and --sdist-extract-dir to keep the build environment and sources, then see https://build.pypa.io/en/stable/how-to/troubleshooting.html#debug-a-failed-build for help debugging a failed build
ERROR Backend subprocess exited when trying to invoke build_wheel

· Error running /storage/scratch1/7/wahrens6/SparseArrayProgrammingSuite/competition/run_13072363/task_42/env/chunk-42/c6e6c30cd4da42ee650d557ff6858c92/bin/python -m build (exit status 1)
  STDOUT -------->
  
  STDERR -------->
  * Creating isolated environment: venv+pip...
  * Installing packages in isolated environment:
    - poetry-core>=1.0.8
  * Getting build dependencies for sdist...
  * Installed build dependency versions:
    - poetry-core==2.4.1
  * Building sdist...
  * Building wheel from sdist
  * Creating isolated environment: venv+pip...
  * Installing packages in isolated environment:
    - poetry-core>=1.0.8
  * Getting build dependencies for wheel...
  * Installed build dependency versions:
    - poetry-core==2.4.1
  * Building wheel...
  Traceback (most recent call last):
    File "/storage/pace-apps/spack/packages/linux-rhel9-x86_64_v3/gcc-11.3.1/python-3.12.5-5sase6atfv2x5tf7dy5x5sqfzyguhsia/lib/python3.12/shutil.py", line 847, in move
      os.rename(src, real_dst)
  OSError: [Errno 18] Invalid cross-device link: '/tmp/tmpg_u_7_tm.whl' -> '/storage/scratch1/7/wahrens6/SparseArrayProgrammingSuite/competition/run_13072363/task_42/env/chunk-42/c6e6c30cd4da42ee650d557ff6858c92/project/dist/saps-0.1.0-py3-none-any.whl'
  
  During handling of the above exception, another exception occurred:
  
  Traceback (most recent call last):
    File "/storage/scratch1/7/wahrens6/SparseArrayProgrammingSuite/competition/run_13072363/task_42/env/chunk-42/c6e6c30cd4da42ee650d557ff6858c92/lib/python3.12/site-packages/pyproject_hooks/_in_process/_in_process.py", line 389, in <module>
      main()
    File "/storage/scratch1/7/wahrens6/SparseArrayProgrammingSuite/competition/run_13072363/task_42/env/chunk-42/c6e6c30cd4da42ee650d557ff6858c92/lib/python3.12/site-packages/pyproject_hooks/_in_process/_in_process.py", line 373, in main
      json_out["return_val"] = hook(**hook_input["kwargs"])
                               ^^^^^^^^^^^^^^^^^^^^^^^^^^^^
    File "/storage/scratch1/7/wahrens6/SparseArrayProgrammingSuite/competition/run_13072363/task_42/env/chunk-42/c6e6c30cd4da42ee650d557ff6858c92/lib/python3.12/site-packages/pyproject_hooks/_in_process/_in_process.py", line 280, in build_wheel
      return _build_backend().build_wheel(
             ^^^^^^^^^^^^^^^^^^^^^^^^^^^^^
    File "/tmp/build-env-o98jmral/lib/python3.12/site-packages/poetry/core/masonry/api.py", line 58, in build_wheel
      return WheelBuilder.make_in(
             ^^^^^^^^^^^^^^^^^^^^^
    File "/tmp/build-env-o98jmral/lib/python3.12/site-packages/poetry/core/masonry/builders/wheel.py", line 95, in make_in
      wb.build(target_dir=directory)
    File "/tmp/build-env-o98jmral/lib/python3.12/site-packages/poetry/core/masonry/builders/wheel.py", line 151, in build
      shutil.move(str(temp_path), str(wheel_path))
    File "/storage/pace-apps/spack/packages/linux-rhel9-x86_64_v3/gcc-11.3.1/python-3.12.5-5sase6atfv2x5tf7dy5x5sqfzyguhsia/lib/python3.12/shutil.py", line 867, in move
      copy_function(src, real_dst)
    File "/storage/pace-apps/spack/packages/linux-rhel9-x86_64_v3/gcc-11.3.1/python-3.12.5-5sase6atfv2x5tf7dy5x5sqfzyguhsia/lib/python3.12/shutil.py", line 475, in copy2
      copyfile(src, dst, follow_symlinks=follow_symlinks)
    File "/storage/pace-apps/spack/packages/linux-rhel9-x86_64_v3/gcc-11.3.1/python-3.12.5-5sase6atfv2x5tf7dy5x5sqfzyguhsia/lib/python3.12/shutil.py", line 262, in copyfile
      with open(dst, 'wb') as fdst:
           ^^^^^^^^^^^^^^^
  OSError: [Errno 122] Disk quota exceeded: '/storage/scratch1/7/wahrens6/SparseArrayProgrammingSuite/competition/run_13072363/task_42/env/chunk-42/c6e6c30cd4da42ee650d557ff6858c92/project/dist/saps-0.1.0-py3-none-any.whl'
  TIP pass --env-dir and --sdist-extract-dir to keep the build environment and sources, then see https://build.pypa.io/en/stable/how-to/troubleshooting.html#debug-a-failed-build for help debugging a failed build
  ERROR Backend subprocess exited when trying to invoke build_wheel
Traceback (most recent call last):
  File "/storage/scratch1/7/wahrens6/SparseArrayProgrammingSuite/./bin/run_benchmark.py", line 849, in <module>
    raise SystemExit(main())
                     ^^^^^^
  File "/storage/scratch1/7/wahrens6/SparseArrayProgrammingSuite/./bin/run_benchmark.py", line 831, in main
    failed = _run_asv_benchmarks(
             ^^^^^^^^^^^^^^^^^^^^
  File "/storage/scratch1/7/wahrens6/SparseArrayProgrammingSuite/./bin/run_benchmark.py", line 102, in _run_asv_benchmarks
    env.install_project(conf, repo, commit_hash)
  File "/storage/home/hcoda1/7/wahrens6/.cache/pypoetry/virtualenvs/saps-RkeCTkZF-py3.12/lib/python3.12/site-packages/asv/environment.py", line 881, in install_project
    self._build_project(repo, commit_hash, build_dir)
  File "/storage/home/hcoda1/7/wahrens6/.cache/pypoetry/virtualenvs/saps-RkeCTkZF-py3.12/lib/python3.12/site-packages/asv/environment.py", line 947, in _build_project
    self._interpolate_and_run_commands(
  File "/storage/home/hcoda1/7/wahrens6/.cache/pypoetry/virtualenvs/saps-RkeCTkZF-py3.12/lib/python3.12/site-packages/asv/environment.py", line 833, in _interpolate_and_run_commands
    self.run_executable(
  File "/storage/home/hcoda1/7/wahrens6/.cache/pypoetry/virtualenvs/saps-RkeCTkZF-py3.12/lib/python3.12/site-packages/asv/environment.py", line 1013, in run_executable
    return util.check_output([exe] + args, **kwargs)
           ^^^^^^^^^^^^^^^^^^^^^^^^^^^^^^^^^^^^^^^^^
  File "/storage/home/hcoda1/7/wahrens6/.cache/pypoetry/virtualenvs/saps-RkeCTkZF-py3.12/lib/python3.12/site-packages/asv/util.py", line 642, in check_output
    raise ProcessError(args, retcode, stdout, stderr)
asv.util.ProcessError: Command '/storage/scratch1/7/wahrens6/SparseArrayProgrammingSuite/competition/run_13072363/task_42/env/chunk-42/c6e6c30cd4da42ee650d557ff6858c92/bin/python -m build' returned non-zero exit status 1
combined 0 result files into /storage/scratch1/7/wahrens6/SparseArrayProgrammingSuite/competition/run_13072363/results.json
---------------------------------------
Begin Slurm Epilog: Sep-10-2026 16:35:47
Job ID:        13072627
Array Job ID:  13072363_42
User ID:       wahrens6
Account:       gts-wahrens6
Job name:      saps-competition
Resources:     cpu=24,mem=128G,node=1
Rsrc Used:     cput=00:33:36,vmem=0,walltime=00:01:24,mem=969024K,energy_used=0
Partition:     cpu-small
QOS:           inferno
Nodes:         atl1-1-01-003-11-1
---------------------------------------
