---------------------------------------
Begin Slurm Prolog: Sep-10-2026 16:30:52
Job ID:    13072557
User ID:   wahrens6
Account:   gts-wahrens6
Job name:  saps-competition
Partition: cpu-small
QOS:       inferno
---------------------------------------
INFO:root:Using SAPS config: {'//': 'Competition config using ASV-native include entries. Each include is one competitor environment with its own dependencies.', 'environment_type': 'virtualenv', 'install_command': ['in-dir={env_dir} python -mpip install {build_dir} --force-reinstall'], 'timeout': 60, 'resume': True, 'metrics': ['time'], 'tag': ['standard'], 'saps_dir': 'competition/run_local/task_0', 'env_dir': 'competition/run_local/task_0/env', 'results_dir': 'competition/run_local/task_0/results', 'matrix': {'env_nobuild': {'SAPS_LOG_PATH': ['/storage/scratch1/7/wahrens6/SparseArrayProgrammingSuite/competition/run_13072363/task_23/results/chunk-23/diagnostics.log'], 'REMOTE_STORAGE_BACKEND': ['s3'], 'REMOTE_STORAGE_BUCKET': ['sparse-array-programming-suite'], 'SAPS_CACHE_DIR': ['/storage/scratch1/7/wahrens6/SparseArrayProgrammingSuite/.saps/outputs/cache'], 'SAPS_MANIFEST_PATH': ['/storage/scratch1/7/wahrens6/SparseArrayProgrammingSuite/manifest.json']}}, 'exclude': [{'env_nobuild': {'SAPS_FRAMEWORK': None}}], 'include': [{'python': '3.12', 'req': {'array-api-compat': '1.15.0', 'lark': '1.3.1', 'networkx': '3.6', 'numpy': '2.3', 'scipy': '1.17.1', 'sparse': '0.17.0', 'ssgetpy': '1.0rc2'}, 'env_nobuild': {'SAPS_FRAMEWORK': 'frameworks/saps_numpy.py', 'SAPS_REPO_ROOT': '.', 'SAPS_LOG_PATH': '/storage/scratch1/7/wahrens6/SparseArrayProgrammingSuite/competition/run_13072363/task_23/results/chunk-23/diagnostics.log', 'REMOTE_STORAGE_BACKEND': 's3', 'REMOTE_STORAGE_BUCKET': 'sparse-array-programming-suite', 'SAPS_CACHE_DIR': '/storage/scratch1/7/wahrens6/SparseArrayProgrammingSuite/.saps/outputs/cache', 'SAPS_MANIFEST_PATH': '/storage/scratch1/7/wahrens6/SparseArrayProgrammingSuite/manifest.json'}}, {'python': '3.12', 'req': {'array-api-compat': '1.15.0', 'lark': '1.3.1', 'networkx': '3.6', 'numpy': '2.3', 'scipy': '1.17.1', 'sparse': '0.17.0', 'ssgetpy': '1.0rc2'}, 'env_nobuild': {'SAPS_FRAMEWORK': 'frameworks/saps_scipy.py', 'SAPS_REPO_ROOT': '.', 'SAPS_LOG_PATH': '/storage/scratch1/7/wahrens6/SparseArrayProgrammingSuite/competition/run_13072363/task_23/results/chunk-23/diagnostics.log', 'REMOTE_STORAGE_BACKEND': 's3', 'REMOTE_STORAGE_BUCKET': 'sparse-array-programming-suite', 'SAPS_CACHE_DIR': '/storage/scratch1/7/wahrens6/SparseArrayProgrammingSuite/.saps/outputs/cache', 'SAPS_MANIFEST_PATH': '/storage/scratch1/7/wahrens6/SparseArrayProgrammingSuite/manifest.json'}}, {'python': '3.12', 'req': {'array-api-compat': '1.15.0', 'lark': '1.3.1', 'networkx': '3.6', 'numpy': '2.3', 'scipy': '1.17.1', 'sparse': '0.17.0', 'ssgetpy': '1.0rc2'}, 'env_nobuild': {'SAPS_FRAMEWORK': 'frameworks/saps_sparse.py', 'SAPS_REPO_ROOT': '.', 'SAPS_LOG_PATH': '/storage/scratch1/7/wahrens6/SparseArrayProgrammingSuite/competition/run_13072363/task_23/results/chunk-23/diagnostics.log', 'REMOTE_STORAGE_BACKEND': 's3', 'REMOTE_STORAGE_BUCKET': 'sparse-array-programming-suite', 'SAPS_CACHE_DIR': '/storage/scratch1/7/wahrens6/SparseArrayProgrammingSuite/.saps/outputs/cache', 'SAPS_MANIFEST_PATH': '/storage/scratch1/7/wahrens6/SparseArrayProgrammingSuite/manifest.json'}}, {'python': '3.12', 'req': {'array-api-compat': '1.15.0', 'lark': '1.3.1', 'networkx': '3.6', 'numpy': '2.3', 'scipy': '1.17.1', 'sparse': '0.17.0', 'ssgetpy': '1.0rc2', 'torch': '2.12.1'}, 'env_nobuild': {'SAPS_FRAMEWORK': 'frameworks/saps_pytorch.py', 'SAPS_REPO_ROOT': '.', 'SAPS_LOG_PATH': '/storage/scratch1/7/wahrens6/SparseArrayProgrammingSuite/competition/run_13072363/task_23/results/chunk-23/diagnostics.log', 'REMOTE_STORAGE_BACKEND': 's3', 'REMOTE_STORAGE_BUCKET': 'sparse-array-programming-suite', 'SAPS_CACHE_DIR': '/storage/scratch1/7/wahrens6/SparseArrayProgrammingSuite/.saps/outputs/cache', 'SAPS_MANIFEST_PATH': '/storage/scratch1/7/wahrens6/SparseArrayProgrammingSuite/manifest.json'}}]}
· Using SAPS config: {'//': 'Competition config using ASV-native include entries. Each include is one competitor environment with its own dependencies.', 'environment_type': 'virtualenv', 'install_command': ['in-dir={env_dir} python -mpip install {build_dir} --force-reinstall'], 'timeout': 60, 'resume': True, 'metrics': ['time'], 'tag': ['standard'], 'saps_dir': 'competition/run_local/task_0', 'env_dir': 'competition/run_local/task_0/env', 'results_dir': 'competition/run_local/task_0/results', 'matrix': {'env_nobuild': {'SAPS_LOG_PATH': ['/storage/scratch1/7/wahrens6/SparseArrayProgrammingSuite/competition/run_13072363/task_23/results/chunk-23/diagnostics.log'], 'REMOTE_STORAGE_BACKEND': ['s3'], 'REMOTE_STORAGE_BUCKET': ['sparse-array-programming-suite'], 'SAPS_CACHE_DIR': ['/storage/scratch1/7/wahrens6/SparseArrayProgrammingSuite/.saps/outputs/cache'], 'SAPS_MANIFEST_PATH': ['/storage/scratch1/7/wahrens6/SparseArrayProgrammingSuite/manifest.json']}}, 'exclude': [{'env_nobuild': {'SAPS_FRAMEWORK': None}}], 'include': [{'python': '3.12', 'req': {'array-api-compat': '1.15.0', 'lark': '1.3.1', 'networkx': '3.6', 'numpy': '2.3', 'scipy': '1.17.1', 'sparse': '0.17.0', 'ssgetpy': '1.0rc2'}, 'env_nobuild': {'SAPS_FRAMEWORK': 'frameworks/saps_numpy.py', 'SAPS_REPO_ROOT': '.', 'SAPS_LOG_PATH': '/storage/scratch1/7/wahrens6/SparseArrayProgrammingSuite/competition/run_13072363/task_23/results/chunk-23/diagnostics.log', 'REMOTE_STORAGE_BACKEND': 's3', 'REMOTE_STORAGE_BUCKET': 'sparse-array-programming-suite', 'SAPS_CACHE_DIR': '/storage/scratch1/7/wahrens6/SparseArrayProgrammingSuite/.saps/outputs/cache', 'SAPS_MANIFEST_PATH': '/storage/scratch1/7/wahrens6/SparseArrayProgrammingSuite/manifest.json'}}, {'python': '3.12', 'req': {'array-api-compat': '1.15.0', 'lark': '1.3.1', 'networkx': '3.6', 'numpy': '2.3', 'scipy': '1.17.1', 'sparse': '0.17.0', 'ssgetpy': '1.0rc2'}, 'env_nobuild': {'SAPS_FRAMEWORK': 'frameworks/saps_scipy.py', 'SAPS_REPO_ROOT': '.', 'SAPS_LOG_PATH': '/storage/scratch1/7/wahrens6/SparseArrayProgrammingSuite/competition/run_13072363/task_23/results/chunk-23/diagnostics.log', 'REMOTE_STORAGE_BACKEND': 's3', 'REMOTE_STORAGE_BUCKET': 'sparse-array-programming-suite', 'SAPS_CACHE_DIR': '/storage/scratch1/7/wahrens6/SparseArrayProgrammingSuite/.saps/outputs/cache', 'SAPS_MANIFEST_PATH': '/storage/scratch1/7/wahrens6/SparseArrayProgrammingSuite/manifest.json'}}, {'python': '3.12', 'req': {'array-api-compat': '1.15.0', 'lark': '1.3.1', 'networkx': '3.6', 'numpy': '2.3', 'scipy': '1.17.1', 'sparse': '0.17.0', 'ssgetpy': '1.0rc2'}, 'env_nobuild': {'SAPS_FRAMEWORK': 'frameworks/saps_sparse.py', 'SAPS_REPO_ROOT': '.', 'SAPS_LOG_PATH': '/storage/scratch1/7/wahrens6/SparseArrayProgrammingSuite/competition/run_13072363/task_23/results/chunk-23/diagnostics.log', 'REMOTE_STORAGE_BACKEND': 's3', 'REMOTE_STORAGE_BUCKET': 'sparse-array-programming-suite', 'SAPS_CACHE_DIR': '/storage/scratch1/7/wahrens6/SparseArrayProgrammingSuite/.saps/outputs/cache', 'SAPS_MANIFEST_PATH': '/storage/scratch1/7/wahrens6/SparseArrayProgrammingSuite/manifest.json'}}, {'python': '3.12', 'req': {'array-api-compat': '1.15.0', 'lark': '1.3.1', 'networkx': '3.6', 'numpy': '2.3', 'scipy': '1.17.1', 'sparse': '0.17.0', 'ssgetpy': '1.0rc2', 'torch': '2.12.1'}, 'env_nobuild': {'SAPS_FRAMEWORK': 'frameworks/saps_pytorch.py', 'SAPS_REPO_ROOT': '.', 'SAPS_LOG_PATH': '/storage/scratch1/7/wahrens6/SparseArrayProgrammingSuite/competition/run_13072363/task_23/results/chunk-23/diagnostics.log', 'REMOTE_STORAGE_BACKEND': 's3', 'REMOTE_STORAGE_BUCKET': 'sparse-array-programming-suite', 'SAPS_CACHE_DIR': '/storage/scratch1/7/wahrens6/SparseArrayProgrammingSuite/.saps/outputs/cache', 'SAPS_MANIFEST_PATH': '/storage/scratch1/7/wahrens6/SparseArrayProgrammingSuite/manifest.json'}}]}INFO:root:Using SAPS outputs directory: /storage/scratch1/7/wahrens6/SparseArrayProgrammingSuite/competition/run_13072363/task_23/outputs/chunk-23

· Using SAPS outputs directory: /storage/scratch1/7/wahrens6/SparseArrayProgrammingSuite/competition/run_13072363/task_23/outputs/chunk-23INFO:root:Using SAPS dataset cache: /storage/scratch1/7/wahrens6/SparseArrayProgrammingSuite/.saps/outputs/cache

· Using SAPS dataset cache: /storage/scratch1/7/wahrens6/SparseArrayProgrammingSuite/.saps/outputs/cacheINFO:root:Using SAPS machine files directory: /storage/scratch1/7/wahrens6/SparseArrayProgrammingSuite/competition/run_13072363/task_23/machine_files/chunk-23

· Using SAPS machine files directory: /storage/scratch1/7/wahrens6/SparseArrayProgrammingSuite/competition/run_13072363/task_23/machine_files/chunk-23INFO:root:Discovering benchmarks

· Discovering benchmarksINFO:root:Creating environments
Discovered 11 benchmark entries
Using timeout: 60 seconds

· Creating environmentsINFO:root:Uninstalling from virtualenv-py3.12-array-api-compat1.15.0-lark1.3.1-networkx3.6-numpy2.3-scipy1.17.1-sparse0.17.0-ssgetpy1.0rc2-REMOTE_STORAGE_BACKENDs3-REMOTE_STORAGE_BUCKETsparse-array-programming-suite-SAPS_CACHE_DIR_storage_scratch1_7_wahrens6_SparseArrayProgrammingSuite_.saps_outputs_cache-SAPS_FRAMEWORK_storage_scratch1_7_wahrens6_SparseArrayProgrammingSuite_frameworks_saps_numpy.py-SAPS_LOG_PATH_storage_scratch1_7_wahrens6_SparseArrayProgrammingSuite_competition_run_13072363_task_23_results_chunk-23_diagnostics.log-SAPS_MANIFEST_PATH_storage_scratch1_7_wahrens6_SparseArrayProgrammingSuite_manifest.json-SAPS_REPO_ROOT_storage_scratch1_7_wahrens6_SparseArrayProgrammingSuite

· Uninstalling from virtualenv-py3.12-array-api-compat1.15.0-lark1.3.1-networkx3.6-numpy2.3-scipy1.17.1-sparse0.17.0-ssgetpy1.0rc2-REMOTE_STORAGE_BACKENDs3-REMOTE_STORAGE_BUCKETsparse-array-programming-suite-SAPS_CACHE_DIR_storage_scratch1_7_wahrens6_SparseArrayProgrammingSuite_.saps_outputs_cache-SAPS_FRAMEWORK_storage_scratch1_7_wahrens6_SparseArrayProgrammingSuite_frameworks_saps_numpy.py-SAPS_LOG_PATH_storage_scratch1_7_wahrens6_SparseArrayProgrammingSuite_competition_run_13072363_task_23_results_chunk-23_diagnostics.log-SAPS_MANIFEST_PATH_storage_scratch1_7_wahrens6_SparseArrayProgrammingSuite_manifest.json-SAPS_REPO_ROOT_storage_scratch1_7_wahrens6_SparseArrayProgrammingSuiteINFO:root:Building e00ec0f4 <wma/fix-runner> for virtualenv-py3.12-array-api-compat1.15.0-lark1.3.1-networkx3.6-numpy2.3-scipy1.17.1-sparse0.17.0-ssgetpy1.0rc2-REMOTE_STORAGE_BACKENDs3-REMOTE_STORAGE_BUCKETsparse-array-programming-suite-SAPS_CACHE_DIR_storage_scratch1_7_wahrens6_SparseArrayProgrammingSuite_.saps_outputs_cache-SAPS_FRAMEWORK_storage_scratch1_7_wahrens6_SparseArrayProgrammingSuite_frameworks_saps_numpy.py-SAPS_LOG_PATH_storage_scratch1_7_wahrens6_SparseArrayProgrammingSuite_competition_run_13072363_task_23_results_chunk-23_diagnostics.log-SAPS_MANIFEST_PATH_storage_scratch1_7_wahrens6_SparseArrayProgrammingSuite_manifest.json-SAPS_REPO_ROOT_storage_scratch1_7_wahrens6_SparseArrayProgrammingSuite

· Building e00ec0f4 <wma/fix-runner> for virtualenv-py3.12-array-api-compat1.15.0-lark1.3.1-networkx3.6-numpy2.3-scipy1.17.1-sparse0.17.0-ssgetpy1.0rc2-REMOTE_STORAGE_BACKENDs3-REMOTE_STORAGE_BUCKETsparse-array-programming-suite-SAPS_CACHE_DIR_storage_scratch1_7_wahrens6_SparseArrayProgrammingSuite_.saps_outputs_cache-SAPS_FRAMEWORK_storage_scratch1_7_wahrens6_SparseArrayProgrammingSuite_frameworks_saps_numpy.py-SAPS_LOG_PATH_storage_scratch1_7_wahrens6_SparseArrayProgrammingSuite_competition_run_13072363_task_23_results_chunk-23_diagnostics.log-SAPS_MANIFEST_PATH_storage_scratch1_7_wahrens6_SparseArrayProgrammingSuite_manifest.json-SAPS_REPO_ROOT_storage_scratch1_7_wahrens6_SparseArrayProgrammingSuiteINFO:root:Installing e00ec0f4 <wma/fix-runner> into virtualenv-py3.12-array-api-compat1.15.0-lark1.3.1-networkx3.6-numpy2.3-scipy1.17.1-sparse0.17.0-ssgetpy1.0rc2-REMOTE_STORAGE_BACKENDs3-REMOTE_STORAGE_BUCKETsparse-array-programming-suite-SAPS_CACHE_DIR_storage_scratch1_7_wahrens6_SparseArrayProgrammingSuite_.saps_outputs_cache-SAPS_FRAMEWORK_storage_scratch1_7_wahrens6_SparseArrayProgrammingSuite_frameworks_saps_numpy.py-SAPS_LOG_PATH_storage_scratch1_7_wahrens6_SparseArrayProgrammingSuite_competition_run_13072363_task_23_results_chunk-23_diagnostics.log-SAPS_MANIFEST_PATH_storage_scratch1_7_wahrens6_SparseArrayProgrammingSuite_manifest.json-SAPS_REPO_ROOT_storage_scratch1_7_wahrens6_SparseArrayProgrammingSuite

· Installing e00ec0f4 <wma/fix-runner> into virtualenv-py3.12-array-api-compat1.15.0-lark1.3.1-networkx3.6-numpy2.3-scipy1.17.1-sparse0.17.0-ssgetpy1.0rc2-REMOTE_STORAGE_BACKENDs3-REMOTE_STORAGE_BUCKETsparse-array-programming-suite-SAPS_CACHE_DIR_storage_scratch1_7_wahrens6_SparseArrayProgrammingSuite_.saps_outputs_cache-SAPS_FRAMEWORK_storage_scratch1_7_wahrens6_SparseArrayProgrammingSuite_frameworks_saps_numpy.py-SAPS_LOG_PATH_storage_scratch1_7_wahrens6_SparseArrayProgrammingSuite_competition_run_13072363_task_23_results_chunk-23_diagnostics.log-SAPS_MANIFEST_PATH_storage_scratch1_7_wahrens6_SparseArrayProgrammingSuite_manifest.json-SAPS_REPO_ROOT_storage_scratch1_7_wahrens6_SparseArrayProgrammingSuiteERROR:root:Error running /storage/scratch1/7/wahrens6/SparseArrayProgrammingSuite/competition/run_13072363/task_23/env/chunk-23/c6e6c30cd4da42ee650d557ff6858c92/bin/python -mpip install /storage/scratch1/7/wahrens6/SparseArrayProgrammingSuite/competition/run_13072363/task_23/env/chunk-23/c6e6c30cd4da42ee650d557ff6858c92/project --force-reinstall (exit status 1)
STDOUT -------->
Processing ./project
  Installing build dependencies: started
  Installing build dependencies: finished with status 'done'
  Getting requirements to build wheel: started
  Getting requirements to build wheel: finished with status 'done'
  Preparing metadata (pyproject.toml): started
  Preparing metadata (pyproject.toml): finished with status 'done'
Collecting asv<0.7.0,>=0.6.5 (from saps==0.1.0)
  Using cached asv-0.6.6-cp36-abi3-manylinux2014_x86_64.manylinux_2_17_x86_64.whl.metadata (3.9 kB)
Collecting binsparse<0.2.0,>=0.1.3 (from saps==0.1.0)
  Using cached binsparse-0.1.3-py3-none-any.whl.metadata (3.6 kB)
Collecting boto3<2.0.0,>=1.43.8 (from saps==0.1.0)
  Using cached boto3-1.43.92-py3-none-any.whl.metadata (6.6 kB)
Collecting botocore<2.0.0,>=1.43.10 (from botocore[crt]<2.0.0,>=1.43.10->saps==0.1.0)
  Using cached botocore-1.43.92-py3-none-any.whl.metadata (5.6 kB)
Collecting filelock<4,>=3.12.2 (from saps==0.1.0)
  Using cached filelock-3.32.6-py3-none-any.whl.metadata (2.0 kB)
Collecting lark<2.0.0,>=1.3.0 (from saps==0.1.0)
  Using cached lark-1.3.1-py3-none-any.whl.metadata (1.8 kB)
Collecting numpy<2.4,>=1.19 (from saps==0.1.0)
  Using cached numpy-2.3.5-cp312-cp312-manylinux_2_27_x86_64.manylinux_2_28_x86_64.whl.metadata (62 kB)
Collecting pandas>=2.3.3 (from saps==0.1.0)
  Using cached pandas-3.0.5-cp312-cp312-manylinux_2_24_x86_64.manylinux_2_28_x86_64.whl.metadata (79 kB)
Collecting pyparsing<4.0.0,>=3.2.3 (from saps==0.1.0)
  Using cached pyparsing-3.3.2-py3-none-any.whl.metadata (5.8 kB)
Collecting scikit-learn<1.10,>=1.7 (from saps==0.1.0)
  Using cached scikit_learn-1.9.1-cp312-cp312-manylinux_2_27_x86_64.manylinux_2_28_x86_64.whl.metadata (9.3 kB)
Collecting sparse<0.17.1,>=0.17.0 (from saps==0.1.0)
  Using cached sparse-0.17.0-py2.py3-none-any.whl.metadata (5.3 kB)
Collecting asv-runner>=0.2.5 (from asv<0.7.0,>=0.6.5->saps==0.1.0)
  Using cached asv_runner-0.3.1-py3-none-any.whl.metadata (2.7 kB)
Collecting json5 (from asv<0.7.0,>=0.6.5->saps==0.1.0)
  Using cached json5-0.15.0-py3-none-any.whl.metadata (37 kB)
Collecting build (from asv<0.7.0,>=0.6.5->saps==0.1.0)
  Using cached build-1.6.1-py3-none-any.whl.metadata (5.6 kB)
Collecting tabulate (from asv<0.7.0,>=0.6.5->saps==0.1.0)
  Using cached tabulate-0.10.0-py3-none-any.whl.metadata (40 kB)
Collecting virtualenv (from asv<0.7.0,>=0.6.5->saps==0.1.0)
  Using cached virtualenv-21.7.9-py3-none-any.whl.metadata (3.5 kB)
Collecting packaging (from asv<0.7.0,>=0.6.5->saps==0.1.0)
  Using cached packaging-26.3-py3-none-any.whl.metadata (3.5 kB)
Collecting importlib-metadata (from asv<0.7.0,>=0.6.5->saps==0.1.0)
  Using cached importlib_metadata-9.0.1-py3-none-any.whl.metadata (4.5 kB)
Collecting pyyaml (from asv<0.7.0,>=0.6.5->saps==0.1.0)
  Using cached pyyaml-6.0.3-cp312-cp312-manylinux2014_x86_64.manylinux_2_17_x86_64.manylinux_2_28_x86_64.whl.metadata (2.4 kB)
Collecting pympler (from asv<0.7.0,>=0.6.5->saps==0.1.0)
  Using cached Pympler-1.1-py3-none-any.whl.metadata (3.6 kB)
Collecting h5py<4,>=3.16.0 (from binsparse<0.2.0,>=0.1.3->saps==0.1.0)
  Using cached h5py-3.16.0-cp312-cp312-manylinux_2_28_x86_64.whl.metadata (3.0 kB)
Collecting semver<4,>=3 (from binsparse<0.2.0,>=0.1.3->saps==0.1.0)
  Using cached semver-3.0.4-py3-none-any.whl.metadata (6.8 kB)
Collecting jmespath<2.0.0,>=0.7.1 (from boto3<2.0.0,>=1.43.8->saps==0.1.0)
  Using cached jmespath-1.1.0-py3-none-any.whl.metadata (7.6 kB)
Collecting s3transfer<0.20.0,>=0.19.0 (from boto3<2.0.0,>=1.43.8->saps==0.1.0)
  Using cached s3transfer-0.19.2-py3-none-any.whl.metadata (1.7 kB)
Collecting python-dateutil<3.0.0,>=2.1 (from botocore<2.0.0,>=1.43.10->botocore[crt]<2.0.0,>=1.43.10->saps==0.1.0)
  Using cached python_dateutil-2.9.0.post0-py2.py3-none-any.whl.metadata (8.4 kB)
Collecting urllib3!=2.2.0,<3,>=1.25.4 (from botocore<2.0.0,>=1.43.10->botocore[crt]<2.0.0,>=1.43.10->saps==0.1.0)
  Using cached urllib3-2.7.0-py3-none-any.whl.metadata (6.9 kB)
Collecting awscrt==0.36.0 (from botocore[crt]<2.0.0,>=1.43.10->saps==0.1.0)
  Using cached awscrt-0.36.0-cp311-abi3-manylinux2014_x86_64.manylinux_2_17_x86_64.whl.metadata (11 kB)
Collecting six>=1.5 (from python-dateutil<3.0.0,>=2.1->botocore<2.0.0,>=1.43.10->botocore[crt]<2.0.0,>=1.43.10->saps==0.1.0)
  Using cached six-1.17.0-py2.py3-none-any.whl.metadata (1.7 kB)
Collecting scipy>=1.10.0 (from scikit-learn<1.10,>=1.7->saps==0.1.0)
  Using cached scipy-1.18.1-cp312-cp312-manylinux_2_27_x86_64.manylinux_2_28_x86_64.whl.metadata (62 kB)
Collecting joblib>=1.4.0 (from scikit-learn<1.10,>=1.7->saps==0.1.0)
  Using cached joblib-1.6.0-py3-none-any.whl.metadata (6.5 kB)
Collecting narwhals>=2.0.1 (from scikit-learn<1.10,>=1.7->saps==0.1.0)
  Using cached narwhals-2.26.0-py3-none-any.whl.metadata (15 kB)
Collecting threadpoolctl>=3.5.0 (from scikit-learn<1.10,>=1.7->saps==0.1.0)
  Using cached threadpoolctl-3.6.0-py3-none-any.whl.metadata (13 kB)
Collecting numba>=0.49 (from sparse<0.17.1,>=0.17.0->saps==0.1.0)
  Using cached numba-0.67.0-cp312-cp312-manylinux2014_x86_64.manylinux_2_17_x86_64.whl.metadata (2.7 kB)
Collecting cloudpickle>=3.0 (from joblib>=1.4.0->scikit-learn<1.10,>=1.7->saps==0.1.0)
  Using cached cloudpickle-3.1.2-py3-none-any.whl.metadata (7.1 kB)
Collecting llvmlite<0.50,>=0.49.0dev0 (from numba>=0.49->sparse<0.17.1,>=0.17.0->saps==0.1.0)
  Using cached llvmlite-0.49.0-cp312-cp312-manylinux2014_x86_64.manylinux_2_17_x86_64.whl.metadata (5.0 kB)
Collecting pyproject_hooks (from build->asv<0.7.0,>=0.6.5->saps==0.1.0)
  Using cached pyproject_hooks-1.2.0-py3-none-any.whl.metadata (1.3 kB)
Collecting zipp>=3.20 (from importlib-metadata->asv<0.7.0,>=0.6.5->saps==0.1.0)
  Using cached zipp-4.1.0-py3-none-any.whl.metadata (3.6 kB)
Collecting distlib<1,>=0.3.7 (from virtualenv->asv<0.7.0,>=0.6.5->saps==0.1.0)
  Using cached distlib-0.4.3-py2.py3-none-any.whl.metadata (5.3 kB)
Collecting platformdirs<5,>=3.9.1 (from virtualenv->asv<0.7.0,>=0.6.5->saps==0.1.0)
  Using cached platformdirs-4.11.8-py3-none-any.whl.metadata (5.5 kB)
Collecting python-discovery>=1.6 (from virtualenv->asv<0.7.0,>=0.6.5->saps==0.1.0)
  Using cached python_discovery-1.6.0-py3-none-any.whl.metadata (5.1 kB)
Using cached asv-0.6.6-cp36-abi3-manylinux2014_x86_64.manylinux_2_17_x86_64.whl (280 kB)
Using cached binsparse-0.1.3-py3-none-any.whl (22 kB)
Using cached boto3-1.43.92-py3-none-any.whl (140 kB)
Using cached botocore-1.43.92-py3-none-any.whl (15.8 MB)
Using cached awscrt-0.36.0-cp311-abi3-manylinux2014_x86_64.manylinux_2_17_x86_64.whl (4.3 MB)
Using cached filelock-3.32.6-py3-none-any.whl (100 kB)
Using cached h5py-3.16.0-cp312-cp312-manylinux_2_28_x86_64.whl (5.4 MB)
Using cached jmespath-1.1.0-py3-none-any.whl (20 kB)
Using cached lark-1.3.1-py3-none-any.whl (113 kB)
Using cached numpy-2.3.5-cp312-cp312-manylinux_2_27_x86_64.manylinux_2_28_x86_64.whl (16.6 MB)
Using cached pyparsing-3.3.2-py3-none-any.whl (122 kB)
Using cached python_dateutil-2.9.0.post0-py2.py3-none-any.whl (229 kB)
Using cached s3transfer-0.19.2-py3-none-any.whl (90 kB)
Using cached scikit_learn-1.9.1-cp312-cp312-manylinux_2_27_x86_64.manylinux_2_28_x86_64.whl (9.2 MB)
Using cached semver-3.0.4-py3-none-any.whl (17 kB)
Using cached sparse-0.17.0-py2.py3-none-any.whl (259 kB)
Using cached urllib3-2.7.0-py3-none-any.whl (131 kB)
Using cached asv_runner-0.3.1-py3-none-any.whl (51 kB)
Using cached joblib-1.6.0-py3-none-any.whl (306 kB)
Using cached cloudpickle-3.1.2-py3-none-any.whl (22 kB)
Using cached narwhals-2.26.0-py3-none-any.whl (474 kB)
Using cached numba-0.67.0-cp312-cp312-manylinux2014_x86_64.manylinux_2_17_x86_64.whl (3.9 MB)
Using cached llvmlite-0.49.0-cp312-cp312-manylinux2014_x86_64.manylinux_2_17_x86_64.whl (59.9 MB)
Using cached pandas-3.0.5-cp312-cp312-manylinux_2_24_x86_64.manylinux_2_28_x86_64.whl (11.0 MB)
Using cached scipy-1.18.1-cp312-cp312-manylinux_2_27_x86_64.manylinux_2_28_x86_64.whl (35.3 MB)
Using cached six-1.17.0-py2.py3-none-any.whl (11 kB)
Using cached threadpoolctl-3.6.0-py3-none-any.whl (18 kB)
Using cached build-1.6.1-py3-none-any.whl (31 kB)
Using cached packaging-26.3-py3-none-any.whl (129 kB)
Using cached importlib_metadata-9.0.1-py3-none-any.whl (27 kB)
Using cached zipp-4.1.0-py3-none-any.whl (10 kB)
Using cached json5-0.15.0-py3-none-any.whl (36 kB)
Using cached Pympler-1.1-py3-none-any.whl (165 kB)
Using cached pyproject_hooks-1.2.0-py3-none-any.whl (10 kB)
Using cached pyyaml-6.0.3-cp312-cp312-manylinux2014_x86_64.manylinux_2_17_x86_64.manylinux_2_28_x86_64.whl (807 kB)
Using cached tabulate-0.10.0-py3-none-any.whl (39 kB)
Using cached virtualenv-21.7.9-py3-none-any.whl (5.3 MB)
Using cached distlib-0.4.3-py2.py3-none-any.whl (470 kB)
Using cached platformdirs-4.11.8-py3-none-any.whl (24 kB)
Using cached python_discovery-1.6.0-py3-none-any.whl (38 kB)
Building wheels for collected packages: saps
  Building wheel for saps (pyproject.toml): started
  Building wheel for saps (pyproject.toml): finished with status 'done'
  Created wheel for saps: filename=saps-0.1.0-py3-none-any.whl size=224402 sha256=d617cb8955b7d74d4d7aa2db242994032f72a72744ea26706f03de33c7800110
  Stored in directory: /tmp/pip-ephem-wheel-cache-pegv03h4/wheels/4d/78/25/190b80d5741c33402c8ab6c253459aaaccf7f938057bac0e8a
Successfully built saps
Installing collected packages: distlib, zipp, urllib3, threadpoolctl, tabulate, six, semver, pyyaml, pyproject_hooks, pyparsing, pympler, platformdirs, packaging, numpy, narwhals, llvmlite, lark, json5, jmespath, filelock, cloudpickle, awscrt, asv-runner, scipy, python-discovery, python-dateutil, numba, joblib, importlib-metadata, h5py, build, virtualenv, sparse, scikit-learn, pandas, botocore, binsparse, s3transfer, asv, boto3, saps
  Attempting uninstall: urllib3
    Found existing installation: urllib3 2.7.0
    Uninstalling urllib3-2.7.0:
      Successfully uninstalled urllib3-2.7.0
  Attempting uninstall: pyproject_hooks
    Found existing installation: pyproject_hooks 1.2.0
    Uninstalling pyproject_hooks-1.2.0:
      Successfully uninstalled pyproject_hooks-1.2.0
  Attempting uninstall: pympler
    Found existing installation: Pympler 1.1
    Uninstalling Pympler-1.1:
      Successfully uninstalled Pympler-1.1
  Attempting uninstall: packaging
    Found existing installation: packaging 26.3
    Uninstalling packaging-26.3:
      Successfully uninstalled packaging-26.3
  Attempting uninstall: numpy
    Found existing installation: numpy 2.3.0
    Uninstalling numpy-2.3.0:
      Successfully uninstalled numpy-2.3.0
  Attempting uninstall: llvmlite
    Found existing installation: llvmlite 0.49.0
    Uninstalling llvmlite-0.49.0:
      Successfully uninstalled llvmlite-0.49.0
  Attempting uninstall: lark
    Found existing installation: lark 1.3.1
    Uninstalling lark-1.3.1:
      Successfully uninstalled lark-1.3.1
  Attempting uninstall: asv-runner
    Found existing installation: asv_runner 0.3.1
    Uninstalling asv_runner-0.3.1:
      Successfully uninstalled asv_runner-0.3.1
  Attempting uninstall: scipy
    Found existing installation: scipy 1.17.1
    Uninstalling scipy-1.17.1:
      Successfully uninstalled scipy-1.17.1
  Attempting uninstall: numba
    Found existing installation: numba 0.67.0
    Uninstalling numba-0.67.0:
      Successfully uninstalled numba-0.67.0
  Attempting uninstall: build
    Found existing installation: build 1.6.1
    Uninstalling build-1.6.1:
      Successfully uninstalled build-1.6.1

STDERR -------->
ERROR: Could not install packages due to an OSError: [Errno 122] Disk quota exceeded: '/storage/scratch1/7/wahrens6/SparseArrayProgrammingSuite/competition/run_13072363/task_23/env/chunk-23/c6e6c30cd4da42ee650d557ff6858c92/bin/virtualenv'


[notice] A new release of pip is available: 25.3 -> 26.2.1
[notice] To update, run: pip install --upgrade pip

· Error running /storage/scratch1/7/wahrens6/SparseArrayProgrammingSuite/competition/run_13072363/task_23/env/chunk-23/c6e6c30cd4da42ee650d557ff6858c92/bin/python -mpip install /storage/scratch1/7/wahrens6/SparseArrayProgrammingSuite/competition/run_13072363/task_23/env/chunk-23/c6e6c30cd4da42ee650d557ff6858c92/project --force-reinstall (exit status 1)
  STDOUT -------->
  Processing ./project
    Installing build dependencies: started
    Installing build dependencies: finished with status 'done'
    Getting requirements to build wheel: started
    Getting requirements to build wheel: finished with status 'done'
    Preparing metadata (pyproject.toml): started
    Preparing metadata (pyproject.toml): finished with status 'done'
  Collecting asv<0.7.0,>=0.6.5 (from saps==0.1.0)
    Using cached asv-0.6.6-cp36-abi3-manylinux2014_x86_64.manylinux_2_17_x86_64.whl.metadata (3.9 kB)
  Collecting binsparse<0.2.0,>=0.1.3 (from saps==0.1.0)
    Using cached binsparse-0.1.3-py3-none-any.whl.metadata (3.6 kB)
  Collecting boto3<2.0.0,>=1.43.8 (from saps==0.1.0)
    Using cached boto3-1.43.92-py3-none-any.whl.metadata (6.6 kB)
  Collecting botocore<2.0.0,>=1.43.10 (from botocore[crt]<2.0.0,>=1.43.10->saps==0.1.0)
    Using cached botocore-1.43.92-py3-none-any.whl.metadata (5.6 kB)
  Collecting filelock<4,>=3.12.2 (from saps==0.1.0)
    Using cached filelock-3.32.6-py3-none-any.whl.metadata (2.0 kB)
  Collecting lark<2.0.0,>=1.3.0 (from saps==0.1.0)
    Using cached lark-1.3.1-py3-none-any.whl.metadata (1.8 kB)
  Collecting numpy<2.4,>=1.19 (from saps==0.1.0)
    Using cached numpy-2.3.5-cp312-cp312-manylinux_2_27_x86_64.manylinux_2_28_x86_64.whl.metadata (62 kB)
  Collecting pandas>=2.3.3 (from saps==0.1.0)
    Using cached pandas-3.0.5-cp312-cp312-manylinux_2_24_x86_64.manylinux_2_28_x86_64.whl.metadata (79 kB)
  Collecting pyparsing<4.0.0,>=3.2.3 (from saps==0.1.0)
    Using cached pyparsing-3.3.2-py3-none-any.whl.metadata (5.8 kB)
  Collecting scikit-learn<1.10,>=1.7 (from saps==0.1.0)
    Using cached scikit_learn-1.9.1-cp312-cp312-manylinux_2_27_x86_64.manylinux_2_28_x86_64.whl.metadata (9.3 kB)
  Collecting sparse<0.17.1,>=0.17.0 (from saps==0.1.0)
    Using cached sparse-0.17.0-py2.py3-none-any.whl.metadata (5.3 kB)
  Collecting asv-runner>=0.2.5 (from asv<0.7.0,>=0.6.5->saps==0.1.0)
    Using cached asv_runner-0.3.1-py3-none-any.whl.metadata (2.7 kB)
  Collecting json5 (from asv<0.7.0,>=0.6.5->saps==0.1.0)
    Using cached json5-0.15.0-py3-none-any.whl.metadata (37 kB)
  Collecting build (from asv<0.7.0,>=0.6.5->saps==0.1.0)
    Using cached build-1.6.1-py3-none-any.whl.metadata (5.6 kB)
  Collecting tabulate (from asv<0.7.0,>=0.6.5->saps==0.1.0)
    Using cached tabulate-0.10.0-py3-none-any.whl.metadata (40 kB)
  Collecting virtualenv (from asv<0.7.0,>=0.6.5->saps==0.1.0)
    Using cached virtualenv-21.7.9-py3-none-any.whl.metadata (3.5 kB)
  Collecting packaging (from asv<0.7.0,>=0.6.5->saps==0.1.0)
    Using cached packaging-26.3-py3-none-any.whl.metadata (3.5 kB)
  Collecting importlib-metadata (from asv<0.7.0,>=0.6.5->saps==0.1.0)
    Using cached importlib_metadata-9.0.1-py3-none-any.whl.metadata (4.5 kB)
  Collecting pyyaml (from asv<0.7.0,>=0.6.5->saps==0.1.0)
    Using cached pyyaml-6.0.3-cp312-cp312-manylinux2014_x86_64.manylinux_2_17_x86_64.manylinux_2_28_x86_64.whl.metadata (2.4 kB)
  Collecting pympler (from asv<0.7.0,>=0.6.5->saps==0.1.0)
    Using cached Pympler-1.1-py3-none-any.whl.metadata (3.6 kB)
  Collecting h5py<4,>=3.16.0 (from binsparse<0.2.0,>=0.1.3->saps==0.1.0)
    Using cached h5py-3.16.0-cp312-cp312-manylinux_2_28_x86_64.whl.metadata (3.0 kB)
  Collecting semver<4,>=3 (from binsparse<0.2.0,>=0.1.3->saps==0.1.0)
    Using cached semver-3.0.4-py3-none-any.whl.metadata (6.8 kB)
  Collecting jmespath<2.0.0,>=0.7.1 (from boto3<2.0.0,>=1.43.8->saps==0.1.0)
    Using cached jmespath-1.1.0-py3-none-any.whl.metadata (7.6 kB)
  Collecting s3transfer<0.20.0,>=0.19.0 (from boto3<2.0.0,>=1.43.8->saps==0.1.0)
    Using cached s3transfer-0.19.2-py3-none-any.whl.metadata (1.7 kB)
  Collecting python-dateutil<3.0.0,>=2.1 (from botocore<2.0.0,>=1.43.10->botocore[crt]<2.0.0,>=1.43.10->saps==0.1.0)
    Using cached python_dateutil-2.9.0.post0-py2.py3-none-any.whl.metadata (8.4 kB)
  Collecting urllib3!=2.2.0,<3,>=1.25.4 (from botocore<2.0.0,>=1.43.10->botocore[crt]<2.0.0,>=1.43.10->saps==0.1.0)
    Using cached urllib3-2.7.0-py3-none-any.whl.metadata (6.9 kB)
  Collecting awscrt==0.36.0 (from botocore[crt]<2.0.0,>=1.43.10->saps==0.1.0)
    Using cached awscrt-0.36.0-cp311-abi3-manylinux2014_x86_64.manylinux_2_17_x86_64.whl.metadata (11 kB)
  Collecting six>=1.5 (from python-dateutil<3.0.0,>=2.1->botocore<2.0.0,>=1.43.10->botocore[crt]<2.0.0,>=1.43.10->saps==0.1.0)
    Using cached six-1.17.0-py2.py3-none-any.whl.metadata (1.7 kB)
  Collecting scipy>=1.10.0 (from scikit-learn<1.10,>=1.7->saps==0.1.0)
    Using cached scipy-1.18.1-cp312-cp312-manylinux_2_27_x86_64.manylinux_2_28_x86_64.whl.metadata (62 kB)
  Collecting joblib>=1.4.0 (from scikit-learn<1.10,>=1.7->saps==0.1.0)
    Using cached joblib-1.6.0-py3-none-any.whl.metadata (6.5 kB)
  Collecting narwhals>=2.0.1 (from scikit-learn<1.10,>=1.7->saps==0.1.0)
    Using cached narwhals-2.26.0-py3-none-any.whl.metadata (15 kB)
  Collecting threadpoolctl>=3.5.0 (from scikit-learn<1.10,>=1.7->saps==0.1.0)
    Using cached threadpoolctl-3.6.0-py3-none-any.whl.metadata (13 kB)
  Collecting numba>=0.49 (from sparse<0.17.1,>=0.17.0->saps==0.1.0)
    Using cached numba-0.67.0-cp312-cp312-manylinux2014_x86_64.manylinux_2_17_x86_64.whl.metadata (2.7 kB)
  Collecting cloudpickle>=3.0 (from joblib>=1.4.0->scikit-learn<1.10,>=1.7->saps==0.1.0)
    Using cached cloudpickle-3.1.2-py3-none-any.whl.metadata (7.1 kB)
  Collecting llvmlite<0.50,>=0.49.0dev0 (from numba>=0.49->sparse<0.17.1,>=0.17.0->saps==0.1.0)
    Using cached llvmlite-0.49.0-cp312-cp312-manylinux2014_x86_64.manylinux_2_17_x86_64.whl.metadata (5.0 kB)
  Collecting pyproject_hooks (from build->asv<0.7.0,>=0.6.5->saps==0.1.0)
    Using cached pyproject_hooks-1.2.0-py3-none-any.whl.metadata (1.3 kB)
  Collecting zipp>=3.20 (from importlib-metadata->asv<0.7.0,>=0.6.5->saps==0.1.0)
    Using cached zipp-4.1.0-py3-none-any.whl.metadata (3.6 kB)
  Collecting distlib<1,>=0.3.7 (from virtualenv->asv<0.7.0,>=0.6.5->saps==0.1.0)
    Using cached distlib-0.4.3-py2.py3-none-any.whl.metadata (5.3 kB)
  Collecting platformdirs<5,>=3.9.1 (from virtualenv->asv<0.7.0,>=0.6.5->saps==0.1.0)
    Using cached platformdirs-4.11.8-py3-none-any.whl.metadata (5.5 kB)
  Collecting python-discovery>=1.6 (from virtualenv->asv<0.7.0,>=0.6.5->saps==0.1.0)
    Using cached python_discovery-1.6.0-py3-none-any.whl.metadata (5.1 kB)
  Using cached asv-0.6.6-cp36-abi3-manylinux2014_x86_64.manylinux_2_17_x86_64.whl (280 kB)
  Using cached binsparse-0.1.3-py3-none-any.whl (22 kB)
  Using cached boto3-1.43.92-py3-none-any.whl (140 kB)
  Using cached botocore-1.43.92-py3-none-any.whl (15.8 MB)
  Using cached awscrt-0.36.0-cp311-abi3-manylinux2014_x86_64.manylinux_2_17_x86_64.whl (4.3 MB)
  Using cached filelock-3.32.6-py3-none-any.whl (100 kB)
  Using cached h5py-3.16.0-cp312-cp312-manylinux_2_28_x86_64.whl (5.4 MB)
  Using cached jmespath-1.1.0-py3-none-any.whl (20 kB)
  Using cached lark-1.3.1-py3-none-any.whl (113 kB)
  Using cached numpy-2.3.5-cp312-cp312-manylinux_2_27_x86_64.manylinux_2_28_x86_64.whl (16.6 MB)
  Using cached pyparsing-3.3.2-py3-none-any.whl (122 kB)
  Using cached python_dateutil-2.9.0.post0-py2.py3-none-any.whl (229 kB)
  Using cached s3transfer-0.19.2-py3-none-any.whl (90 kB)
  Using cached scikit_learn-1.9.1-cp312-cp312-manylinux_2_27_x86_64.manylinux_2_28_x86_64.whl (9.2 MB)
  Using cached semver-3.0.4-py3-none-any.whl (17 kB)
  Using cached sparse-0.17.0-py2.py3-none-any.whl (259 kB)
  Using cached urllib3-2.7.0-py3-none-any.whl (131 kB)
  Using cached asv_runner-0.3.1-py3-none-any.whl (51 kB)
  Using cached joblib-1.6.0-py3-none-any.whl (306 kB)
  Using cached cloudpickle-3.1.2-py3-none-any.whl (22 kB)
  Using cached narwhals-2.26.0-py3-none-any.whl (474 kB)
  Using cached numba-0.67.0-cp312-cp312-manylinux2014_x86_64.manylinux_2_17_x86_64.whl (3.9 MB)
  Using cached llvmlite-0.49.0-cp312-cp312-manylinux2014_x86_64.manylinux_2_17_x86_64.whl (59.9 MB)
  Using cached pandas-3.0.5-cp312-cp312-manylinux_2_24_x86_64.manylinux_2_28_x86_64.whl (11.0 MB)
  Using cached scipy-1.18.1-cp312-cp312-manylinux_2_27_x86_64.manylinux_2_28_x86_64.whl (35.3 MB)
  Using cached six-1.17.0-py2.py3-none-any.whl (11 kB)
  Using cached threadpoolctl-3.6.0-py3-none-any.whl (18 kB)
  Using cached build-1.6.1-py3-none-any.whl (31 kB)
  Using cached packaging-26.3-py3-none-any.whl (129 kB)
  Using cached importlib_metadata-9.0.1-py3-none-any.whl (27 kB)
  Using cached zipp-4.1.0-py3-none-any.whl (10 kB)
  Using cached json5-0.15.0-py3-none-any.whl (36 kB)
  Using cached Pympler-1.1-py3-none-any.whl (165 kB)
  Using cached pyproject_hooks-1.2.0-py3-none-any.whl (10 kB)
  Using cached pyyaml-6.0.3-cp312-cp312-manylinux2014_x86_64.manylinux_2_17_x86_64.manylinux_2_28_x86_64.whl (807 kB)
  Using cached tabulate-0.10.0-py3-none-any.whl (39 kB)
  Using cached virtualenv-21.7.9-py3-none-any.whl (5.3 MB)
  Using cached distlib-0.4.3-py2.py3-none-any.whl (470 kB)
  Using cached platformdirs-4.11.8-py3-none-any.whl (24 kB)
  Using cached python_discovery-1.6.0-py3-none-any.whl (38 kB)
  Building wheels for collected packages: saps
    Building wheel for saps (pyproject.toml): started
    Building wheel for saps (pyproject.toml): finished with status 'done'
    Created wheel for saps: filename=saps-0.1.0-py3-none-any.whl size=224402 sha256=d617cb8955b7d74d4d7aa2db242994032f72a72744ea26706f03de33c7800110
    Stored in directory: /tmp/pip-ephem-wheel-cache-pegv03h4/wheels/4d/78/25/190b80d5741c33402c8ab6c253459aaaccf7f938057bac0e8a
  Successfully built saps
  Installing collected packages: distlib, zipp, urllib3, threadpoolctl, tabulate, six, semver, pyyaml, pyproject_hooks, pyparsing, pympler, platformdirs, packaging, numpy, narwhals, llvmlite, lark, json5, jmespath, filelock, cloudpickle, awscrt, asv-runner, scipy, python-discovery, python-dateutil, numba, joblib, importlib-metadata, h5py, build, virtualenv, sparse, scikit-learn, pandas, botocore, binsparse, s3transfer, asv, boto3, saps
    Attempting uninstall: urllib3
      Found existing installation: urllib3 2.7.0
      Uninstalling urllib3-2.7.0:
        Successfully uninstalled urllib3-2.7.0
    Attempting uninstall: pyproject_hooks
      Found existing installation: pyproject_hooks 1.2.0
      Uninstalling pyproject_hooks-1.2.0:
        Successfully uninstalled pyproject_hooks-1.2.0
    Attempting uninstall: pympler
      Found existing installation: Pympler 1.1
      Uninstalling Pympler-1.1:
        Successfully uninstalled Pympler-1.1
    Attempting uninstall: packaging
      Found existing installation: packaging 26.3
      Uninstalling packaging-26.3:
        Successfully uninstalled packaging-26.3
    Attempting uninstall: numpy
      Found existing installation: numpy 2.3.0
      Uninstalling numpy-2.3.0:
        Successfully uninstalled numpy-2.3.0
    Attempting uninstall: llvmlite
      Found existing installation: llvmlite 0.49.0
      Uninstalling llvmlite-0.49.0:
        Successfully uninstalled llvmlite-0.49.0
    Attempting uninstall: lark
      Found existing installation: lark 1.3.1
      Uninstalling lark-1.3.1:
        Successfully uninstalled lark-1.3.1
    Attempting uninstall: asv-runner
      Found existing installation: asv_runner 0.3.1
      Uninstalling asv_runner-0.3.1:
        Successfully uninstalled asv_runner-0.3.1
    Attempting uninstall: scipy
      Found existing installation: scipy 1.17.1
      Uninstalling scipy-1.17.1:
        Successfully uninstalled scipy-1.17.1
    Attempting uninstall: numba
      Found existing installation: numba 0.67.0
      Uninstalling numba-0.67.0:
        Successfully uninstalled numba-0.67.0
    Attempting uninstall: build
      Found existing installation: build 1.6.1
      Uninstalling build-1.6.1:
        Successfully uninstalled build-1.6.1
  
  STDERR -------->
  ERROR: Could not install packages due to an OSError: [Errno 122] Disk quota exceeded: '/storage/scratch1/7/wahrens6/SparseArrayProgrammingSuite/competition/run_13072363/task_23/env/chunk-23/c6e6c30cd4da42ee650d557ff6858c92/bin/virtualenv'
  
  
  [notice] A new release of pip is available: 25.3 -> 26.2.1
  [notice] To update, run: pip install --upgrade pip
Traceback (most recent call last):
  File "/storage/scratch1/7/wahrens6/SparseArrayProgrammingSuite/./bin/run_benchmark.py", line 849, in <module>
    raise SystemExit(main())
                     ^^^^^^
  File "/storage/scratch1/7/wahrens6/SparseArrayProgrammingSuite/./bin/run_benchmark.py", line 831, in main
    failed = _run_asv_benchmarks(
             ^^^^^^^^^^^^^^^^^^^^
  File "/storage/scratch1/7/wahrens6/SparseArrayProgrammingSuite/./bin/run_benchmark.py", line 102, in _run_asv_benchmarks
    env.install_project(conf, repo, commit_hash)
  File "/storage/home/hcoda1/7/wahrens6/.cache/pypoetry/virtualenvs/saps-RkeCTkZF-py3.12/lib/python3.12/site-packages/asv/environment.py", line 884, in install_project
    self._install_project(repo, commit_hash, build_dir)
  File "/storage/home/hcoda1/7/wahrens6/.cache/pypoetry/virtualenvs/saps-RkeCTkZF-py3.12/lib/python3.12/site-packages/asv/environment.py", line 908, in _install_project
    self._interpolate_and_run_commands(
  File "/storage/home/hcoda1/7/wahrens6/.cache/pypoetry/virtualenvs/saps-RkeCTkZF-py3.12/lib/python3.12/site-packages/asv/environment.py", line 833, in _interpolate_and_run_commands
    self.run_executable(
  File "/storage/home/hcoda1/7/wahrens6/.cache/pypoetry/virtualenvs/saps-RkeCTkZF-py3.12/lib/python3.12/site-packages/asv/environment.py", line 1013, in run_executable
    return util.check_output([exe] + args, **kwargs)
           ^^^^^^^^^^^^^^^^^^^^^^^^^^^^^^^^^^^^^^^^^
  File "/storage/home/hcoda1/7/wahrens6/.cache/pypoetry/virtualenvs/saps-RkeCTkZF-py3.12/lib/python3.12/site-packages/asv/util.py", line 642, in check_output
    raise ProcessError(args, retcode, stdout, stderr)
asv.util.ProcessError: Command '/storage/scratch1/7/wahrens6/SparseArrayProgrammingSuite/competition/run_13072363/task_23/env/chunk-23/c6e6c30cd4da42ee650d557ff6858c92/bin/python -mpip install /storage/scratch1/7/wahrens6/SparseArrayProgrammingSuite/competition/run_13072363/task_23/env/chunk-23/c6e6c30cd4da42ee650d557ff6858c92/project --force-reinstall' returned non-zero exit status 1
combined 0 result files into /storage/scratch1/7/wahrens6/SparseArrayProgrammingSuite/competition/run_13072363/results.json
---------------------------------------
Begin Slurm Epilog: Sep-10-2026 16:35:47
Job ID:        13072557
Array Job ID:  13072363_23
User ID:       wahrens6
Account:       gts-wahrens6
Job name:      saps-competition
Resources:     cpu=24,mem=128G,node=1
Rsrc Used:     cput=01:59:36,vmem=0,walltime=00:04:59,mem=1001120K,energy_used=0
Partition:     cpu-small
QOS:           inferno
Nodes:         atl1-1-02-009-11-2
---------------------------------------
